Info: Starting: Create block symbol file (.bsf)
Info: qsys-generate C:\projetos_plato\SimuCam_Development_Data_Transmission-release_I3.1.8.0.0_v3\G3U_HW_V02_2GB\Qsys_Project\MebX_Qsys_Project.qsys --block-symbol-file --output-directory=C:\projetos_plato\SimuCam_Development_Data_Transmission-release_I3.1.8.0.0_v3\G3U_HW_V02_2GB\Qsys_Project\MebX_Qsys_Project --family="Stratix IV" --part=EP4SGX230KF40C2
Progress: Loading Qsys_Project/MebX_Qsys_Project.qsys
Progress: Reading input file
Progress: Adding Altera_UP_SD_Card_Avalon_Interface_0 [Altera_UP_SD_Card_Avalon_Interface 18.0]
Progress: Parameterizing module Altera_UP_SD_Card_Avalon_Interface_0
Progress: Adding Dumb_Communication_Module_v2_1 [Dumb_Communication_Module_v2 1.7]
Progress: Parameterizing module Dumb_Communication_Module_v2_1
Progress: Adding Dumb_Communication_Module_v2_2 [Dumb_Communication_Module_v2 1.7]
Progress: Parameterizing module Dumb_Communication_Module_v2_2
Progress: Adding Dumb_Communication_Module_v2_3 [Dumb_Communication_Module_v2 1.7]
Progress: Parameterizing module Dumb_Communication_Module_v2_3
Progress: Adding Dumb_Communication_Module_v2_4 [Dumb_Communication_Module_v2 1.7]
Progress: Parameterizing module Dumb_Communication_Module_v2_4
Progress: Adding Dumb_Communication_Module_v2_5 [Dumb_Communication_Module_v2 1.7]
Progress: Parameterizing module Dumb_Communication_Module_v2_5
Progress: Adding Dumb_Communication_Module_v2_6 [Dumb_Communication_Module_v2 1.7]
Progress: Parameterizing module Dumb_Communication_Module_v2_6
Progress: Adding Dumb_Communication_Module_v2_7 [Dumb_Communication_Module_v2 1.7]
Progress: Parameterizing module Dumb_Communication_Module_v2_7
Progress: Adding Dumb_Communication_Module_v2_8 [Dumb_Communication_Module_v2 1.7]
Progress: Parameterizing module Dumb_Communication_Module_v2_8
Progress: Adding Dumb_Communication_Module_v2_Timer [Dumb_Communication_Module_v2 1.7]
Progress: Parameterizing module Dumb_Communication_Module_v2_Timer
Progress: Adding FTDI_UMFT601A_Module [FTDI_UMFT601A_Module 2.3]
Progress: Parameterizing module FTDI_UMFT601A_Module
Progress: Adding Memory_Filler [Memory_Filler 1.0]
Progress: Parameterizing module Memory_Filler
Progress: Adding RMAP_Echoing [RMAP_Echoing 1.7]
Progress: Parameterizing module RMAP_Echoing
Progress: Adding RMAP_Memory_Subunit_Area_1 [RMAP_Memory_Subunit_Area 1]
Progress: Parameterizing module RMAP_Memory_Subunit_Area_1
Progress: Adding RMAP_Memory_Subunit_Area_2 [RMAP_Memory_Subunit_Area 1]
Progress: Parameterizing module RMAP_Memory_Subunit_Area_2
Progress: Adding RMAP_Memory_Subunit_Area_3 [RMAP_Memory_Subunit_Area 1]
Progress: Parameterizing module RMAP_Memory_Subunit_Area_3
Progress: Adding RMAP_Memory_Subunit_Area_4 [RMAP_Memory_Subunit_Area 1]
Progress: Parameterizing module RMAP_Memory_Subunit_Area_4
Progress: Adding RMAP_Memory_Subunit_Area_5 [RMAP_Memory_Subunit_Area 1]
Progress: Parameterizing module RMAP_Memory_Subunit_Area_5
Progress: Adding RMAP_Memory_Subunit_Area_6 [RMAP_Memory_Subunit_Area 1]
Progress: Parameterizing module RMAP_Memory_Subunit_Area_6
Progress: Adding RMAP_Memory_Subunit_Area_7 [RMAP_Memory_Subunit_Area 1]
Progress: Parameterizing module RMAP_Memory_Subunit_Area_7
Progress: Adding RMAP_Memory_Subunit_Area_8 [RMAP_Memory_Subunit_Area 1]
Progress: Parameterizing module RMAP_Memory_Subunit_Area_8
Progress: Adding SEVEN_SEGMENT_CONTROLLER_0 [SEVEN_SEGMENT_CONTROLLER 1.0]
Progress: Parameterizing module SEVEN_SEGMENT_CONTROLLER_0
Progress: Adding SpaceWire_Channel_A [SpaceWire_Channel 1.5]
Progress: Parameterizing module SpaceWire_Channel_A
Progress: Adding SpaceWire_Channel_B [SpaceWire_Channel 1.5]
Progress: Parameterizing module SpaceWire_Channel_B
Progress: Adding SpaceWire_Channel_C [SpaceWire_Channel 1.5]
Progress: Parameterizing module SpaceWire_Channel_C
Progress: Adding SpaceWire_Channel_D [SpaceWire_Channel 1.5]
Progress: Parameterizing module SpaceWire_Channel_D
Progress: Adding SpaceWire_Channel_E [SpaceWire_Channel 1.5]
Progress: Parameterizing module SpaceWire_Channel_E
Progress: Adding SpaceWire_Channel_F [SpaceWire_Channel 1.5]
Progress: Parameterizing module SpaceWire_Channel_F
Progress: Adding SpaceWire_Channel_G [SpaceWire_Channel 1.5]
Progress: Parameterizing module SpaceWire_Channel_G
Progress: Adding SpaceWire_Channel_H [SpaceWire_Channel 1.5]
Progress: Parameterizing module SpaceWire_Channel_H
Progress: Adding SpaceWire_Mux_Ch_H [SpaceWire_Mux 1.2]
Progress: Parameterizing module SpaceWire_Mux_Ch_H
Progress: Adding Sync_Signal_Filter_Latch_0 [Signal_Filter_Latch 1.0]
Progress: Parameterizing module Sync_Signal_Filter_Latch_0
Progress: Adding altpll_0 [altpll 18.1]
Progress: Parameterizing module altpll_0
Progress: Adding clk_100 [clock_source 18.1]
Progress: Parameterizing module clk_100
Progress: Adding clk_200 [clock_source 18.1]
Progress: Parameterizing module clk_200
Progress: Adding clk_50 [clock_source 18.1]
Progress: Parameterizing module clk_50
Progress: Adding clk_ftdi [clock_source 18.1]
Progress: Parameterizing module clk_ftdi
Progress: Adding clock_bridge_afi_50 [altera_avalon_mm_clock_crossing_bridge 18.1]
Progress: Parameterizing module clock_bridge_afi_50
Progress: Adding csense_adc_fo [altera_avalon_pio 18.1]
Progress: Parameterizing module csense_adc_fo
Progress: Adding csense_cs_n [altera_avalon_pio 18.1]
Progress: Parameterizing module csense_cs_n
Progress: Adding csense_sck [altera_avalon_pio 18.1]
Progress: Parameterizing module csense_sck
Progress: Adding csense_sdi [altera_avalon_pio 18.1]
Progress: Parameterizing module csense_sdi
Progress: Adding csense_sdo [altera_avalon_pio 18.1]
Progress: Parameterizing module csense_sdo
Progress: Adding ddr2_address_span_extender [altera_address_span_extender 18.1]
Progress: Parameterizing module ddr2_address_span_extender
Progress: Adding ext_flash [altera_generic_tristate_controller 18.1]
Progress: Parameterizing module ext_flash
Progress: Adding jtag_uart_0 [altera_avalon_jtag_uart 18.1]
Progress: Parameterizing module jtag_uart_0
Progress: Adding m1_ddr2_i2c_scl [altera_avalon_pio 18.1]
Progress: Parameterizing module m1_ddr2_i2c_scl
Progress: Adding m1_ddr2_i2c_sda [altera_avalon_pio 18.1]
Progress: Parameterizing module m1_ddr2_i2c_sda
Progress: Adding mem_if_ddr3_emif_0 [altera_mem_if_ddr3_emif 18.1]
Progress: Parameterizing module mem_if_ddr3_emif_0
Progress: Adding nios2_gen2_0 [altera_nios2_gen2 18.1]
Progress: Parameterizing module nios2_gen2_0
Progress: Adding onchip_memory [altera_avalon_onchip_memory2 18.1]
Progress: Parameterizing module onchip_memory
Progress: Adding pio_BUTTON [altera_avalon_pio 18.1]
Progress: Parameterizing module pio_BUTTON
Progress: Adding pio_DIP [altera_avalon_pio 18.1]
Progress: Parameterizing module pio_DIP
Progress: Adding pio_EXT [altera_avalon_pio 18.1]
Progress: Parameterizing module pio_EXT
Progress: Adding pio_LED [altera_avalon_pio 18.1]
Progress: Parameterizing module pio_LED
Progress: Adding pio_LED_painel [altera_avalon_pio 18.1]
Progress: Parameterizing module pio_LED_painel
Progress: Adding pio_RST_ETH [altera_avalon_pio 18.1]
Progress: Parameterizing module pio_RST_ETH
Progress: Adding pio_ctrl_io_lvds [altera_avalon_pio 18.1]
Progress: Parameterizing module pio_ctrl_io_lvds
Progress: Adding pio_ftdi_umft601a_module_reset [altera_avalon_pio 18.1]
Progress: Parameterizing module pio_ftdi_umft601a_module_reset
Progress: Adding pio_iso_logic_signal_enable [altera_avalon_pio 18.1]
Progress: Parameterizing module pio_iso_logic_signal_enable
Progress: Adding pio_rmap_echoing_module_reset [altera_avalon_pio 18.1]
Progress: Parameterizing module pio_rmap_echoing_module_reset
Progress: Adding pio_spw_mux_ch_h_select [altera_avalon_pio 18.1]
Progress: Parameterizing module pio_spw_mux_ch_h_select
Progress: Adding rs232_uart [altera_avalon_uart 18.1]
Progress: Parameterizing module rs232_uart
Progress: Adding rst_controller [rst_controller 1.6]
Progress: Parameterizing module rst_controller
Progress: Adding rtcc_alarm [altera_avalon_pio 18.1]
Progress: Parameterizing module rtcc_alarm
Progress: Adding rtcc_cs_n [altera_avalon_pio 18.1]
Progress: Parameterizing module rtcc_cs_n
Progress: Adding rtcc_sck [altera_avalon_pio 18.1]
Progress: Parameterizing module rtcc_sck
Progress: Adding rtcc_sdi [altera_avalon_pio 18.1]
Progress: Parameterizing module rtcc_sdi
Progress: Adding rtcc_sdo [altera_avalon_pio 18.1]
Progress: Parameterizing module rtcc_sdo
Progress: Adding sd_card_wp_n [altera_avalon_pio 18.1]
Progress: Parameterizing module sd_card_wp_n
Progress: Adding sync [Sync 1.8]
Progress: Parameterizing module sync
Progress: Adding sysid_qsys [altera_avalon_sysid_qsys 18.1]
Progress: Parameterizing module sysid_qsys
Progress: Adding temp_scl [altera_avalon_pio 18.1]
Progress: Parameterizing module temp_scl
Progress: Adding temp_sda [altera_avalon_pio 18.1]
Progress: Parameterizing module temp_sda
Progress: Adding timer_1ms [altera_avalon_timer 18.1]
Progress: Parameterizing module timer_1ms
Progress: Adding timer_1us [altera_avalon_timer 18.1]
Progress: Parameterizing module timer_1us
Progress: Adding tristate_conduit_bridge_0 [altera_tristate_conduit_bridge 18.1]
Progress: Parameterizing module tristate_conduit_bridge_0
Progress: Adding uart_module_top_0 [uart_module_top 1.2]
Progress: Parameterizing module uart_module_top_0
Progress: Building connections
Progress: Parameterizing connections
Progress: Validating
Progress: Done reading input file
Info: MebX_Qsys_Project.csense_sdo: PIO inputs are not hardwired in test bench. Undefined values will be read from PIO inputs during simulation.
Warning: MebX_Qsys_Project.ext_flash: Properties (isFlash,isMemoryDevice,isNonVolatileStorage) have been set on interface uas - in composed mode these are ignored
Info: MebX_Qsys_Project.jtag_uart_0: JTAG UART IP input clock need to be at least double (2x) the operating frequency of JTAG TCK on board
Info: MebX_Qsys_Project.m1_ddr2_i2c_sda: PIO inputs are not hardwired in test bench. Undefined values will be read from PIO inputs during simulation.
Info: MebX_Qsys_Project.mem_if_ddr3_emif_0: Auto interface leveling mode set to 'Leveling'
Warning: MebX_Qsys_Project.mem_if_ddr3_emif_0.pll_bridge: pll_bridge.pll_sharing cannot be both connected and exported
Info: MebX_Qsys_Project.pio_BUTTON: PIO inputs are not hardwired in test bench. Undefined values will be read from PIO inputs during simulation.
Info: MebX_Qsys_Project.pio_DIP: PIO inputs are not hardwired in test bench. Undefined values will be read from PIO inputs during simulation.
Info: MebX_Qsys_Project.pio_EXT: PIO inputs are not hardwired in test bench. Undefined values will be read from PIO inputs during simulation.
Info: MebX_Qsys_Project.rtcc_alarm: PIO inputs are not hardwired in test bench. Undefined values will be read from PIO inputs during simulation.
Info: MebX_Qsys_Project.rtcc_sdo: PIO inputs are not hardwired in test bench. Undefined values will be read from PIO inputs during simulation.
Info: MebX_Qsys_Project.sd_card_wp_n: PIO inputs are not hardwired in test bench. Undefined values will be read from PIO inputs during simulation.
Info: MebX_Qsys_Project.sysid_qsys: System ID is not assigned automatically. Edit the System ID parameter to provide a unique ID
Info: MebX_Qsys_Project.sysid_qsys: Time stamp will be automatically updated when this component is generated.
Info: MebX_Qsys_Project.temp_sda: PIO inputs are not hardwired in test bench. Undefined values will be read from PIO inputs during simulation.
Warning: MebX_Qsys_Project.clk_100.clk/SpaceWire_Mux_Ch_H.clock_sink: SpaceWire_Mux_Ch_H.clock_sink requires 100000000Hz, but source has frequency of 133333300Hz
Warning: MebX_Qsys_Project.clk_100.clk/FTDI_UMFT601A_Module.clock_sink: FTDI_UMFT601A_Module.clock_sink requires 100000000Hz, but source has frequency of 133333300Hz
Warning: MebX_Qsys_Project.clk_100.clk/Memory_Filler.clock_sink: Memory_Filler.clock_sink requires 100000000Hz, but source has frequency of 133333300Hz
Warning: MebX_Qsys_Project.clk_100.clk/Dumb_Communication_Module_v2_1.clock_sink_100: Dumb_Communication_Module_v2_1.clock_sink_100 requires 100000000Hz, but source has frequency of 133333300Hz
Warning: MebX_Qsys_Project.clk_100.clk/Dumb_Communication_Module_v2_8.clock_sink_100: Dumb_Communication_Module_v2_8.clock_sink_100 requires 100000000Hz, but source has frequency of 133333300Hz
Warning: MebX_Qsys_Project.clk_100.clk/Dumb_Communication_Module_v2_7.clock_sink_100: Dumb_Communication_Module_v2_7.clock_sink_100 requires 100000000Hz, but source has frequency of 133333300Hz
Warning: MebX_Qsys_Project.clk_100.clk/Dumb_Communication_Module_v2_6.clock_sink_100: Dumb_Communication_Module_v2_6.clock_sink_100 requires 100000000Hz, but source has frequency of 133333300Hz
Warning: MebX_Qsys_Project.clk_100.clk/Dumb_Communication_Module_v2_5.clock_sink_100: Dumb_Communication_Module_v2_5.clock_sink_100 requires 100000000Hz, but source has frequency of 133333300Hz
Warning: MebX_Qsys_Project.clk_100.clk/Dumb_Communication_Module_v2_4.clock_sink_100: Dumb_Communication_Module_v2_4.clock_sink_100 requires 100000000Hz, but source has frequency of 133333300Hz
Warning: MebX_Qsys_Project.clk_100.clk/Dumb_Communication_Module_v2_3.clock_sink_100: Dumb_Communication_Module_v2_3.clock_sink_100 requires 100000000Hz, but source has frequency of 133333300Hz
Warning: MebX_Qsys_Project.clk_100.clk/Dumb_Communication_Module_v2_2.clock_sink_100: Dumb_Communication_Module_v2_2.clock_sink_100 requires 100000000Hz, but source has frequency of 133333300Hz
Warning: MebX_Qsys_Project.clk_100.clk/Dumb_Communication_Module_v2_Timer.clock_sink_100: Dumb_Communication_Module_v2_Timer.clock_sink_100 requires 100000000Hz, but source has frequency of 133333300Hz
Warning: MebX_Qsys_Project.clk_100.clk/uart_module_top_0.clock_sink_100: uart_module_top_0.clock_sink_100 requires 100000000Hz, but source has frequency of 133333300Hz
Warning: MebX_Qsys_Project.clk_100.clk/SpaceWire_Channel_A.clock_sink_100mhz: SpaceWire_Channel_A.clock_sink_100mhz requires 100000000Hz, but source has frequency of 133333300Hz
Warning: MebX_Qsys_Project.clk_100.clk/RMAP_Memory_Subunit_Area_1.clock_sink_100mhz: RMAP_Memory_Subunit_Area_1.clock_sink_100mhz requires 100000000Hz, but source has frequency of 133333300Hz
Warning: MebX_Qsys_Project.clk_100.clk/RMAP_Memory_Subunit_Area_8.clock_sink_100mhz: RMAP_Memory_Subunit_Area_8.clock_sink_100mhz requires 100000000Hz, but source has frequency of 133333300Hz
Warning: MebX_Qsys_Project.clk_100.clk/SpaceWire_Channel_H.clock_sink_100mhz: SpaceWire_Channel_H.clock_sink_100mhz requires 100000000Hz, but source has frequency of 133333300Hz
Warning: MebX_Qsys_Project.clk_100.clk/RMAP_Memory_Subunit_Area_7.clock_sink_100mhz: RMAP_Memory_Subunit_Area_7.clock_sink_100mhz requires 100000000Hz, but source has frequency of 133333300Hz
Warning: MebX_Qsys_Project.clk_100.clk/SpaceWire_Channel_G.clock_sink_100mhz: SpaceWire_Channel_G.clock_sink_100mhz requires 100000000Hz, but source has frequency of 133333300Hz
Warning: MebX_Qsys_Project.clk_100.clk/RMAP_Memory_Subunit_Area_6.clock_sink_100mhz: RMAP_Memory_Subunit_Area_6.clock_sink_100mhz requires 100000000Hz, but source has frequency of 133333300Hz
Warning: MebX_Qsys_Project.clk_100.clk/SpaceWire_Channel_F.clock_sink_100mhz: SpaceWire_Channel_F.clock_sink_100mhz requires 100000000Hz, but source has frequency of 133333300Hz
Warning: MebX_Qsys_Project.clk_100.clk/RMAP_Memory_Subunit_Area_5.clock_sink_100mhz: RMAP_Memory_Subunit_Area_5.clock_sink_100mhz requires 100000000Hz, but source has frequency of 133333300Hz
Warning: MebX_Qsys_Project.clk_100.clk/SpaceWire_Channel_E.clock_sink_100mhz: SpaceWire_Channel_E.clock_sink_100mhz requires 100000000Hz, but source has frequency of 133333300Hz
Warning: MebX_Qsys_Project.clk_100.clk/RMAP_Memory_Subunit_Area_4.clock_sink_100mhz: RMAP_Memory_Subunit_Area_4.clock_sink_100mhz requires 100000000Hz, but source has frequency of 133333300Hz
Warning: MebX_Qsys_Project.clk_100.clk/SpaceWire_Channel_D.clock_sink_100mhz: SpaceWire_Channel_D.clock_sink_100mhz requires 100000000Hz, but source has frequency of 133333300Hz
Warning: MebX_Qsys_Project.clk_100.clk/RMAP_Memory_Subunit_Area_3.clock_sink_100mhz: RMAP_Memory_Subunit_Area_3.clock_sink_100mhz requires 100000000Hz, but source has frequency of 133333300Hz
Warning: MebX_Qsys_Project.clk_100.clk/SpaceWire_Channel_C.clock_sink_100mhz: SpaceWire_Channel_C.clock_sink_100mhz requires 100000000Hz, but source has frequency of 133333300Hz
Warning: MebX_Qsys_Project.clk_100.clk/RMAP_Memory_Subunit_Area_2.clock_sink_100mhz: RMAP_Memory_Subunit_Area_2.clock_sink_100mhz requires 100000000Hz, but source has frequency of 133333300Hz
Warning: MebX_Qsys_Project.clk_100.clk/SpaceWire_Channel_B.clock_sink_100mhz: SpaceWire_Channel_B.clock_sink_100mhz requires 100000000Hz, but source has frequency of 133333300Hz
Warning: MebX_Qsys_Project.clk_100.clk/RMAP_Echoing.clock_sink_100mhz: RMAP_Echoing.clock_sink_100mhz requires 100000000Hz, but source has frequency of 133333300Hz
Warning: MebX_Qsys_Project.altpll_0: altpll_0.areset_conduit must be exported, or connected to a matching conduit.
Warning: MebX_Qsys_Project.mem_if_ddr3_emif_0: mem_if_ddr3_emif_0.status must be exported, or connected to a matching conduit.
Warning: MebX_Qsys_Project.mem_if_ddr3_emif_0: mem_if_ddr3_emif_0.pll_sharing must be exported, or connected to a matching conduit.
Warning: MebX_Qsys_Project.Dumb_Communication_Module_v2_1: Dumb_Communication_Module_v2_1.avalon_master_data must be connected to an Avalon-MM slave
Warning: MebX_Qsys_Project.Dumb_Communication_Module_v2_2: Dumb_Communication_Module_v2_2.avalon_master_data must be connected to an Avalon-MM slave
Warning: MebX_Qsys_Project.Dumb_Communication_Module_v2_3: Dumb_Communication_Module_v2_3.avalon_master_data must be connected to an Avalon-MM slave
Warning: MebX_Qsys_Project.Dumb_Communication_Module_v2_4: Dumb_Communication_Module_v2_4.avalon_master_data must be connected to an Avalon-MM slave
Warning: MebX_Qsys_Project.Dumb_Communication_Module_v2_5: Dumb_Communication_Module_v2_5.avalon_master_data must be connected to an Avalon-MM slave
Warning: MebX_Qsys_Project.Dumb_Communication_Module_v2_6: Dumb_Communication_Module_v2_6.avalon_master_data must be connected to an Avalon-MM slave
Warning: MebX_Qsys_Project.Dumb_Communication_Module_v2_7: Dumb_Communication_Module_v2_7.avalon_master_data must be connected to an Avalon-MM slave
Warning: MebX_Qsys_Project.Dumb_Communication_Module_v2_8: Dumb_Communication_Module_v2_8.avalon_master_data must be connected to an Avalon-MM slave
Warning: MebX_Qsys_Project.Dumb_Communication_Module_v2_Timer: Dumb_Communication_Module_v2_Timer.avalon_master_data must be connected to an Avalon-MM slave
Warning: MebX_Qsys_Project.FTDI_UMFT601A_Module: FTDI_UMFT601A_Module.avalon_master_data must be connected to an Avalon-MM slave
Warning: MebX_Qsys_Project.Memory_Filler: Memory_Filler.avalon_master_data must be connected to an Avalon-MM slave
Warning: MebX_Qsys_Project.altpll_0: altpll_0.pll_slave must be connected to an Avalon-MM master
Warning: MebX_Qsys_Project.ddr2_address_span_extender: ddr2_address_span_extender.expanded_master must be connected to an Avalon-MM slave
Warning: MebX_Qsys_Project.mem_if_ddr3_emif_0: mem_if_ddr3_emif_0.avl must be connected to an Avalon-MM master
Warning: MebX_Qsys_Project.uart_module_top_0: uart_module_top_0.avalon_master_data must be connected to an Avalon-MM slave
Warning: MebX_Qsys_Project.: You have exported the interface RMAP_Echoing.echo_rst_sink but not its associated clock interface.  Export the driver of RMAP_Echoing.clock_sink_100mhz
Info: qsys-generate succeeded.
Info: Finished: Create block symbol file (.bsf)
Info: 
Info: Starting: Create HDL design files for synthesis
Info: qsys-generate C:\projetos_plato\SimuCam_Development_Data_Transmission-release_I3.1.8.0.0_v3\G3U_HW_V02_2GB\Qsys_Project\MebX_Qsys_Project.qsys --synthesis=VHDL --output-directory=C:\projetos_plato\SimuCam_Development_Data_Transmission-release_I3.1.8.0.0_v3\G3U_HW_V02_2GB\Qsys_Project\MebX_Qsys_Project\synthesis --family="Stratix IV" --part=EP4SGX230KF40C2
Progress: Loading Qsys_Project/MebX_Qsys_Project.qsys
Progress: Reading input file
Progress: Adding Altera_UP_SD_Card_Avalon_Interface_0 [Altera_UP_SD_Card_Avalon_Interface 18.0]
Progress: Parameterizing module Altera_UP_SD_Card_Avalon_Interface_0
Progress: Adding Dumb_Communication_Module_v2_1 [Dumb_Communication_Module_v2 1.7]
Progress: Parameterizing module Dumb_Communication_Module_v2_1
Progress: Adding Dumb_Communication_Module_v2_2 [Dumb_Communication_Module_v2 1.7]
Progress: Parameterizing module Dumb_Communication_Module_v2_2
Progress: Adding Dumb_Communication_Module_v2_3 [Dumb_Communication_Module_v2 1.7]
Progress: Parameterizing module Dumb_Communication_Module_v2_3
Progress: Adding Dumb_Communication_Module_v2_4 [Dumb_Communication_Module_v2 1.7]
Progress: Parameterizing module Dumb_Communication_Module_v2_4
Progress: Adding Dumb_Communication_Module_v2_5 [Dumb_Communication_Module_v2 1.7]
Progress: Parameterizing module Dumb_Communication_Module_v2_5
Progress: Adding Dumb_Communication_Module_v2_6 [Dumb_Communication_Module_v2 1.7]
Progress: Parameterizing module Dumb_Communication_Module_v2_6
Progress: Adding Dumb_Communication_Module_v2_7 [Dumb_Communication_Module_v2 1.7]
Progress: Parameterizing module Dumb_Communication_Module_v2_7
Progress: Adding Dumb_Communication_Module_v2_8 [Dumb_Communication_Module_v2 1.7]
Progress: Parameterizing module Dumb_Communication_Module_v2_8
Progress: Adding Dumb_Communication_Module_v2_Timer [Dumb_Communication_Module_v2 1.7]
Progress: Parameterizing module Dumb_Communication_Module_v2_Timer
Progress: Adding FTDI_UMFT601A_Module [FTDI_UMFT601A_Module 2.3]
Progress: Parameterizing module FTDI_UMFT601A_Module
Progress: Adding Memory_Filler [Memory_Filler 1.0]
Progress: Parameterizing module Memory_Filler
Progress: Adding RMAP_Echoing [RMAP_Echoing 1.7]
Progress: Parameterizing module RMAP_Echoing
Progress: Adding RMAP_Memory_Subunit_Area_1 [RMAP_Memory_Subunit_Area 1]
Progress: Parameterizing module RMAP_Memory_Subunit_Area_1
Progress: Adding RMAP_Memory_Subunit_Area_2 [RMAP_Memory_Subunit_Area 1]
Progress: Parameterizing module RMAP_Memory_Subunit_Area_2
Progress: Adding RMAP_Memory_Subunit_Area_3 [RMAP_Memory_Subunit_Area 1]
Progress: Parameterizing module RMAP_Memory_Subunit_Area_3
Progress: Adding RMAP_Memory_Subunit_Area_4 [RMAP_Memory_Subunit_Area 1]
Progress: Parameterizing module RMAP_Memory_Subunit_Area_4
Progress: Adding RMAP_Memory_Subunit_Area_5 [RMAP_Memory_Subunit_Area 1]
Progress: Parameterizing module RMAP_Memory_Subunit_Area_5
Progress: Adding RMAP_Memory_Subunit_Area_6 [RMAP_Memory_Subunit_Area 1]
Progress: Parameterizing module RMAP_Memory_Subunit_Area_6
Progress: Adding RMAP_Memory_Subunit_Area_7 [RMAP_Memory_Subunit_Area 1]
Progress: Parameterizing module RMAP_Memory_Subunit_Area_7
Progress: Adding RMAP_Memory_Subunit_Area_8 [RMAP_Memory_Subunit_Area 1]
Progress: Parameterizing module RMAP_Memory_Subunit_Area_8
Progress: Adding SEVEN_SEGMENT_CONTROLLER_0 [SEVEN_SEGMENT_CONTROLLER 1.0]
Progress: Parameterizing module SEVEN_SEGMENT_CONTROLLER_0
Progress: Adding SpaceWire_Channel_A [SpaceWire_Channel 1.5]
Progress: Parameterizing module SpaceWire_Channel_A
Progress: Adding SpaceWire_Channel_B [SpaceWire_Channel 1.5]
Progress: Parameterizing module SpaceWire_Channel_B
Progress: Adding SpaceWire_Channel_C [SpaceWire_Channel 1.5]
Progress: Parameterizing module SpaceWire_Channel_C
Progress: Adding SpaceWire_Channel_D [SpaceWire_Channel 1.5]
Progress: Parameterizing module SpaceWire_Channel_D
Progress: Adding SpaceWire_Channel_E [SpaceWire_Channel 1.5]
Progress: Parameterizing module SpaceWire_Channel_E
Progress: Adding SpaceWire_Channel_F [SpaceWire_Channel 1.5]
Progress: Parameterizing module SpaceWire_Channel_F
Progress: Adding SpaceWire_Channel_G [SpaceWire_Channel 1.5]
Progress: Parameterizing module SpaceWire_Channel_G
Progress: Adding SpaceWire_Channel_H [SpaceWire_Channel 1.5]
Progress: Parameterizing module SpaceWire_Channel_H
Progress: Adding SpaceWire_Mux_Ch_H [SpaceWire_Mux 1.2]
Progress: Parameterizing module SpaceWire_Mux_Ch_H
Progress: Adding Sync_Signal_Filter_Latch_0 [Signal_Filter_Latch 1.0]
Progress: Parameterizing module Sync_Signal_Filter_Latch_0
Progress: Adding altpll_0 [altpll 18.1]
Progress: Parameterizing module altpll_0
Progress: Adding clk_100 [clock_source 18.1]
Progress: Parameterizing module clk_100
Progress: Adding clk_200 [clock_source 18.1]
Progress: Parameterizing module clk_200
Progress: Adding clk_50 [clock_source 18.1]
Progress: Parameterizing module clk_50
Progress: Adding clk_ftdi [clock_source 18.1]
Progress: Parameterizing module clk_ftdi
Progress: Adding clock_bridge_afi_50 [altera_avalon_mm_clock_crossing_bridge 18.1]
Progress: Parameterizing module clock_bridge_afi_50
Progress: Adding csense_adc_fo [altera_avalon_pio 18.1]
Progress: Parameterizing module csense_adc_fo
Progress: Adding csense_cs_n [altera_avalon_pio 18.1]
Progress: Parameterizing module csense_cs_n
Progress: Adding csense_sck [altera_avalon_pio 18.1]
Progress: Parameterizing module csense_sck
Progress: Adding csense_sdi [altera_avalon_pio 18.1]
Progress: Parameterizing module csense_sdi
Progress: Adding csense_sdo [altera_avalon_pio 18.1]
Progress: Parameterizing module csense_sdo
Progress: Adding ddr2_address_span_extender [altera_address_span_extender 18.1]
Progress: Parameterizing module ddr2_address_span_extender
Progress: Adding ext_flash [altera_generic_tristate_controller 18.1]
Progress: Parameterizing module ext_flash
Progress: Adding jtag_uart_0 [altera_avalon_jtag_uart 18.1]
Progress: Parameterizing module jtag_uart_0
Progress: Adding m1_ddr2_i2c_scl [altera_avalon_pio 18.1]
Progress: Parameterizing module m1_ddr2_i2c_scl
Progress: Adding m1_ddr2_i2c_sda [altera_avalon_pio 18.1]
Progress: Parameterizing module m1_ddr2_i2c_sda
Progress: Adding mem_if_ddr3_emif_0 [altera_mem_if_ddr3_emif 18.1]
Progress: Parameterizing module mem_if_ddr3_emif_0
Progress: Adding nios2_gen2_0 [altera_nios2_gen2 18.1]
Progress: Parameterizing module nios2_gen2_0
Progress: Adding onchip_memory [altera_avalon_onchip_memory2 18.1]
Progress: Parameterizing module onchip_memory
Progress: Adding pio_BUTTON [altera_avalon_pio 18.1]
Progress: Parameterizing module pio_BUTTON
Progress: Adding pio_DIP [altera_avalon_pio 18.1]
Progress: Parameterizing module pio_DIP
Progress: Adding pio_EXT [altera_avalon_pio 18.1]
Progress: Parameterizing module pio_EXT
Progress: Adding pio_LED [altera_avalon_pio 18.1]
Progress: Parameterizing module pio_LED
Progress: Adding pio_LED_painel [altera_avalon_pio 18.1]
Progress: Parameterizing module pio_LED_painel
Progress: Adding pio_RST_ETH [altera_avalon_pio 18.1]
Progress: Parameterizing module pio_RST_ETH
Progress: Adding pio_ctrl_io_lvds [altera_avalon_pio 18.1]
Progress: Parameterizing module pio_ctrl_io_lvds
Progress: Adding pio_ftdi_umft601a_module_reset [altera_avalon_pio 18.1]
Progress: Parameterizing module pio_ftdi_umft601a_module_reset
Progress: Adding pio_iso_logic_signal_enable [altera_avalon_pio 18.1]
Progress: Parameterizing module pio_iso_logic_signal_enable
Progress: Adding pio_rmap_echoing_module_reset [altera_avalon_pio 18.1]
Progress: Parameterizing module pio_rmap_echoing_module_reset
Progress: Adding pio_spw_mux_ch_h_select [altera_avalon_pio 18.1]
Progress: Parameterizing module pio_spw_mux_ch_h_select
Progress: Adding rs232_uart [altera_avalon_uart 18.1]
Progress: Parameterizing module rs232_uart
Progress: Adding rst_controller [rst_controller 1.6]
Progress: Parameterizing module rst_controller
Progress: Adding rtcc_alarm [altera_avalon_pio 18.1]
Progress: Parameterizing module rtcc_alarm
Progress: Adding rtcc_cs_n [altera_avalon_pio 18.1]
Progress: Parameterizing module rtcc_cs_n
Progress: Adding rtcc_sck [altera_avalon_pio 18.1]
Progress: Parameterizing module rtcc_sck
Progress: Adding rtcc_sdi [altera_avalon_pio 18.1]
Progress: Parameterizing module rtcc_sdi
Progress: Adding rtcc_sdo [altera_avalon_pio 18.1]
Progress: Parameterizing module rtcc_sdo
Progress: Adding sd_card_wp_n [altera_avalon_pio 18.1]
Progress: Parameterizing module sd_card_wp_n
Progress: Adding sync [Sync 1.8]
Progress: Parameterizing module sync
Progress: Adding sysid_qsys [altera_avalon_sysid_qsys 18.1]
Progress: Parameterizing module sysid_qsys
Progress: Adding temp_scl [altera_avalon_pio 18.1]
Progress: Parameterizing module temp_scl
Progress: Adding temp_sda [altera_avalon_pio 18.1]
Progress: Parameterizing module temp_sda
Progress: Adding timer_1ms [altera_avalon_timer 18.1]
Progress: Parameterizing module timer_1ms
Progress: Adding timer_1us [altera_avalon_timer 18.1]
Progress: Parameterizing module timer_1us
Progress: Adding tristate_conduit_bridge_0 [altera_tristate_conduit_bridge 18.1]
Progress: Parameterizing module tristate_conduit_bridge_0
Progress: Adding uart_module_top_0 [uart_module_top 1.2]
Progress: Parameterizing module uart_module_top_0
Progress: Building connections
Progress: Parameterizing connections
Progress: Validating
Progress: Done reading input file
Info: MebX_Qsys_Project.csense_sdo: PIO inputs are not hardwired in test bench. Undefined values will be read from PIO inputs during simulation.
Warning: MebX_Qsys_Project.ext_flash: Properties (isFlash,isMemoryDevice,isNonVolatileStorage) have been set on interface uas - in composed mode these are ignored
Info: MebX_Qsys_Project.jtag_uart_0: JTAG UART IP input clock need to be at least double (2x) the operating frequency of JTAG TCK on board
Info: MebX_Qsys_Project.m1_ddr2_i2c_sda: PIO inputs are not hardwired in test bench. Undefined values will be read from PIO inputs during simulation.
Info: MebX_Qsys_Project.mem_if_ddr3_emif_0: Auto interface leveling mode set to 'Leveling'
Warning: MebX_Qsys_Project.mem_if_ddr3_emif_0.pll_bridge: pll_bridge.pll_sharing cannot be both connected and exported
Info: MebX_Qsys_Project.pio_BUTTON: PIO inputs are not hardwired in test bench. Undefined values will be read from PIO inputs during simulation.
Info: MebX_Qsys_Project.pio_DIP: PIO inputs are not hardwired in test bench. Undefined values will be read from PIO inputs during simulation.
Info: MebX_Qsys_Project.pio_EXT: PIO inputs are not hardwired in test bench. Undefined values will be read from PIO inputs during simulation.
Info: MebX_Qsys_Project.rtcc_alarm: PIO inputs are not hardwired in test bench. Undefined values will be read from PIO inputs during simulation.
Info: MebX_Qsys_Project.rtcc_sdo: PIO inputs are not hardwired in test bench. Undefined values will be read from PIO inputs during simulation.
Info: MebX_Qsys_Project.sd_card_wp_n: PIO inputs are not hardwired in test bench. Undefined values will be read from PIO inputs during simulation.
Info: MebX_Qsys_Project.sysid_qsys: System ID is not assigned automatically. Edit the System ID parameter to provide a unique ID
Info: MebX_Qsys_Project.sysid_qsys: Time stamp will be automatically updated when this component is generated.
Info: MebX_Qsys_Project.temp_sda: PIO inputs are not hardwired in test bench. Undefined values will be read from PIO inputs during simulation.
Warning: MebX_Qsys_Project.clk_100.clk/SpaceWire_Mux_Ch_H.clock_sink: SpaceWire_Mux_Ch_H.clock_sink requires 100000000Hz, but source has frequency of 133333300Hz
Warning: MebX_Qsys_Project.clk_100.clk/FTDI_UMFT601A_Module.clock_sink: FTDI_UMFT601A_Module.clock_sink requires 100000000Hz, but source has frequency of 133333300Hz
Warning: MebX_Qsys_Project.clk_100.clk/Memory_Filler.clock_sink: Memory_Filler.clock_sink requires 100000000Hz, but source has frequency of 133333300Hz
Warning: MebX_Qsys_Project.clk_100.clk/Dumb_Communication_Module_v2_1.clock_sink_100: Dumb_Communication_Module_v2_1.clock_sink_100 requires 100000000Hz, but source has frequency of 133333300Hz
Warning: MebX_Qsys_Project.clk_100.clk/Dumb_Communication_Module_v2_8.clock_sink_100: Dumb_Communication_Module_v2_8.clock_sink_100 requires 100000000Hz, but source has frequency of 133333300Hz
Warning: MebX_Qsys_Project.clk_100.clk/Dumb_Communication_Module_v2_7.clock_sink_100: Dumb_Communication_Module_v2_7.clock_sink_100 requires 100000000Hz, but source has frequency of 133333300Hz
Warning: MebX_Qsys_Project.clk_100.clk/Dumb_Communication_Module_v2_6.clock_sink_100: Dumb_Communication_Module_v2_6.clock_sink_100 requires 100000000Hz, but source has frequency of 133333300Hz
Warning: MebX_Qsys_Project.clk_100.clk/Dumb_Communication_Module_v2_5.clock_sink_100: Dumb_Communication_Module_v2_5.clock_sink_100 requires 100000000Hz, but source has frequency of 133333300Hz
Warning: MebX_Qsys_Project.clk_100.clk/Dumb_Communication_Module_v2_4.clock_sink_100: Dumb_Communication_Module_v2_4.clock_sink_100 requires 100000000Hz, but source has frequency of 133333300Hz
Warning: MebX_Qsys_Project.clk_100.clk/Dumb_Communication_Module_v2_3.clock_sink_100: Dumb_Communication_Module_v2_3.clock_sink_100 requires 100000000Hz, but source has frequency of 133333300Hz
Warning: MebX_Qsys_Project.clk_100.clk/Dumb_Communication_Module_v2_2.clock_sink_100: Dumb_Communication_Module_v2_2.clock_sink_100 requires 100000000Hz, but source has frequency of 133333300Hz
Warning: MebX_Qsys_Project.clk_100.clk/Dumb_Communication_Module_v2_Timer.clock_sink_100: Dumb_Communication_Module_v2_Timer.clock_sink_100 requires 100000000Hz, but source has frequency of 133333300Hz
Warning: MebX_Qsys_Project.clk_100.clk/uart_module_top_0.clock_sink_100: uart_module_top_0.clock_sink_100 requires 100000000Hz, but source has frequency of 133333300Hz
Warning: MebX_Qsys_Project.clk_100.clk/SpaceWire_Channel_A.clock_sink_100mhz: SpaceWire_Channel_A.clock_sink_100mhz requires 100000000Hz, but source has frequency of 133333300Hz
Warning: MebX_Qsys_Project.clk_100.clk/RMAP_Memory_Subunit_Area_1.clock_sink_100mhz: RMAP_Memory_Subunit_Area_1.clock_sink_100mhz requires 100000000Hz, but source has frequency of 133333300Hz
Warning: MebX_Qsys_Project.clk_100.clk/RMAP_Memory_Subunit_Area_8.clock_sink_100mhz: RMAP_Memory_Subunit_Area_8.clock_sink_100mhz requires 100000000Hz, but source has frequency of 133333300Hz
Warning: MebX_Qsys_Project.clk_100.clk/SpaceWire_Channel_H.clock_sink_100mhz: SpaceWire_Channel_H.clock_sink_100mhz requires 100000000Hz, but source has frequency of 133333300Hz
Warning: MebX_Qsys_Project.clk_100.clk/RMAP_Memory_Subunit_Area_7.clock_sink_100mhz: RMAP_Memory_Subunit_Area_7.clock_sink_100mhz requires 100000000Hz, but source has frequency of 133333300Hz
Warning: MebX_Qsys_Project.clk_100.clk/SpaceWire_Channel_G.clock_sink_100mhz: SpaceWire_Channel_G.clock_sink_100mhz requires 100000000Hz, but source has frequency of 133333300Hz
Warning: MebX_Qsys_Project.clk_100.clk/RMAP_Memory_Subunit_Area_6.clock_sink_100mhz: RMAP_Memory_Subunit_Area_6.clock_sink_100mhz requires 100000000Hz, but source has frequency of 133333300Hz
Warning: MebX_Qsys_Project.clk_100.clk/SpaceWire_Channel_F.clock_sink_100mhz: SpaceWire_Channel_F.clock_sink_100mhz requires 100000000Hz, but source has frequency of 133333300Hz
Warning: MebX_Qsys_Project.clk_100.clk/RMAP_Memory_Subunit_Area_5.clock_sink_100mhz: RMAP_Memory_Subunit_Area_5.clock_sink_100mhz requires 100000000Hz, but source has frequency of 133333300Hz
Warning: MebX_Qsys_Project.clk_100.clk/SpaceWire_Channel_E.clock_sink_100mhz: SpaceWire_Channel_E.clock_sink_100mhz requires 100000000Hz, but source has frequency of 133333300Hz
Warning: MebX_Qsys_Project.clk_100.clk/RMAP_Memory_Subunit_Area_4.clock_sink_100mhz: RMAP_Memory_Subunit_Area_4.clock_sink_100mhz requires 100000000Hz, but source has frequency of 133333300Hz
Warning: MebX_Qsys_Project.clk_100.clk/SpaceWire_Channel_D.clock_sink_100mhz: SpaceWire_Channel_D.clock_sink_100mhz requires 100000000Hz, but source has frequency of 133333300Hz
Warning: MebX_Qsys_Project.clk_100.clk/RMAP_Memory_Subunit_Area_3.clock_sink_100mhz: RMAP_Memory_Subunit_Area_3.clock_sink_100mhz requires 100000000Hz, but source has frequency of 133333300Hz
Warning: MebX_Qsys_Project.clk_100.clk/SpaceWire_Channel_C.clock_sink_100mhz: SpaceWire_Channel_C.clock_sink_100mhz requires 100000000Hz, but source has frequency of 133333300Hz
Warning: MebX_Qsys_Project.clk_100.clk/RMAP_Memory_Subunit_Area_2.clock_sink_100mhz: RMAP_Memory_Subunit_Area_2.clock_sink_100mhz requires 100000000Hz, but source has frequency of 133333300Hz
Warning: MebX_Qsys_Project.clk_100.clk/SpaceWire_Channel_B.clock_sink_100mhz: SpaceWire_Channel_B.clock_sink_100mhz requires 100000000Hz, but source has frequency of 133333300Hz
Warning: MebX_Qsys_Project.clk_100.clk/RMAP_Echoing.clock_sink_100mhz: RMAP_Echoing.clock_sink_100mhz requires 100000000Hz, but source has frequency of 133333300Hz
Warning: MebX_Qsys_Project.altpll_0: altpll_0.areset_conduit must be exported, or connected to a matching conduit.
Warning: MebX_Qsys_Project.mem_if_ddr3_emif_0: mem_if_ddr3_emif_0.status must be exported, or connected to a matching conduit.
Warning: MebX_Qsys_Project.mem_if_ddr3_emif_0: mem_if_ddr3_emif_0.pll_sharing must be exported, or connected to a matching conduit.
Warning: MebX_Qsys_Project.Dumb_Communication_Module_v2_1: Dumb_Communication_Module_v2_1.avalon_master_data must be connected to an Avalon-MM slave
Warning: MebX_Qsys_Project.Dumb_Communication_Module_v2_2: Dumb_Communication_Module_v2_2.avalon_master_data must be connected to an Avalon-MM slave
Warning: MebX_Qsys_Project.Dumb_Communication_Module_v2_3: Dumb_Communication_Module_v2_3.avalon_master_data must be connected to an Avalon-MM slave
Warning: MebX_Qsys_Project.Dumb_Communication_Module_v2_4: Dumb_Communication_Module_v2_4.avalon_master_data must be connected to an Avalon-MM slave
Warning: MebX_Qsys_Project.Dumb_Communication_Module_v2_5: Dumb_Communication_Module_v2_5.avalon_master_data must be connected to an Avalon-MM slave
Warning: MebX_Qsys_Project.Dumb_Communication_Module_v2_6: Dumb_Communication_Module_v2_6.avalon_master_data must be connected to an Avalon-MM slave
Warning: MebX_Qsys_Project.Dumb_Communication_Module_v2_7: Dumb_Communication_Module_v2_7.avalon_master_data must be connected to an Avalon-MM slave
Warning: MebX_Qsys_Project.Dumb_Communication_Module_v2_8: Dumb_Communication_Module_v2_8.avalon_master_data must be connected to an Avalon-MM slave
Warning: MebX_Qsys_Project.Dumb_Communication_Module_v2_Timer: Dumb_Communication_Module_v2_Timer.avalon_master_data must be connected to an Avalon-MM slave
Warning: MebX_Qsys_Project.FTDI_UMFT601A_Module: FTDI_UMFT601A_Module.avalon_master_data must be connected to an Avalon-MM slave
Warning: MebX_Qsys_Project.Memory_Filler: Memory_Filler.avalon_master_data must be connected to an Avalon-MM slave
Warning: MebX_Qsys_Project.altpll_0: altpll_0.pll_slave must be connected to an Avalon-MM master
Warning: MebX_Qsys_Project.ddr2_address_span_extender: ddr2_address_span_extender.expanded_master must be connected to an Avalon-MM slave
Warning: MebX_Qsys_Project.mem_if_ddr3_emif_0: mem_if_ddr3_emif_0.avl must be connected to an Avalon-MM master
Warning: MebX_Qsys_Project.uart_module_top_0: uart_module_top_0.avalon_master_data must be connected to an Avalon-MM slave
Warning: MebX_Qsys_Project.: You have exported the interface RMAP_Echoing.echo_rst_sink but not its associated clock interface.  Export the driver of RMAP_Echoing.clock_sink_100mhz
Info: MebX_Qsys_Project: Generating MebX_Qsys_Project "MebX_Qsys_Project" for QUARTUS_SYNTH
Info: Interconnect is inserted between master uart_module_top_0.avalon_master_rs232 and slave rs232_uart.s1 because the master has waitrequest signal 1 bit wide, but the slave is 0 bit wide.
Info: Interconnect is inserted between master uart_module_top_0.avalon_master_rs232 and slave rs232_uart.s1 because the master has address signal 6 bit wide, but the slave is 3 bit wide.
Info: Altera_UP_SD_Card_Avalon_Interface_0: "MebX_Qsys_Project" instantiated Altera_UP_SD_Card_Avalon_Interface "Altera_UP_SD_Card_Avalon_Interface_0"
Info: Dumb_Communication_Module_v2_1: "MebX_Qsys_Project" instantiated Dumb_Communication_Module_v2 "Dumb_Communication_Module_v2_1"
Info: FTDI_UMFT601A_Module: "MebX_Qsys_Project" instantiated FTDI_UMFT601A_Module "FTDI_UMFT601A_Module"
Info: Memory_Filler: "MebX_Qsys_Project" instantiated Memory_Filler "Memory_Filler"
Info: Reusing file C:/projetos_plato/SimuCam_Development_Data_Transmission-release_I3.1.8.0.0_v3/G3U_HW_V02_2GB/Qsys_Project/MebX_Qsys_Project/synthesis/submodules/delay_block_ent.vhd
Info: RMAP_Echoing: "MebX_Qsys_Project" instantiated RMAP_Echoing "RMAP_Echoing"
Info: RMAP_Memory_Subunit_Area_1: "MebX_Qsys_Project" instantiated RMAP_Memory_Subunit_Area "RMAP_Memory_Subunit_Area_1"
Info: SEVEN_SEGMENT_CONTROLLER_0: "MebX_Qsys_Project" instantiated SEVEN_SEGMENT_CONTROLLER "SEVEN_SEGMENT_CONTROLLER_0"
Info: SpaceWire_Channel_A: "MebX_Qsys_Project" instantiated SpaceWire_Channel "SpaceWire_Channel_A"
Info: SpaceWire_Mux_Ch_H: "MebX_Qsys_Project" instantiated SpaceWire_Mux "SpaceWire_Mux_Ch_H"
Info: Sync_Signal_Filter_Latch_0: "MebX_Qsys_Project" instantiated Signal_Filter_Latch "Sync_Signal_Filter_Latch_0"
Info: altpll_0: "MebX_Qsys_Project" instantiated altpll "altpll_0"
Info: clock_bridge_afi_50: "MebX_Qsys_Project" instantiated altera_avalon_mm_clock_crossing_bridge "clock_bridge_afi_50"
Info: csense_adc_fo: Starting RTL generation for module 'MebX_Qsys_Project_csense_adc_fo'
Info: csense_adc_fo:   Generation command is [exec C:/intelfpga/18.1/quartus/bin64/perl/bin/perl.exe -I C:/intelfpga/18.1/quartus/bin64/perl/lib -I C:/intelfpga/18.1/quartus/sopc_builder/bin/europa -I C:/intelfpga/18.1/quartus/sopc_builder/bin/perl_lib -I C:/intelfpga/18.1/quartus/sopc_builder/bin -I C:/intelfpga/18.1/quartus/../ip/altera/sopc_builder_ip/common -I C:/intelfpga/18.1/quartus/../ip/altera/sopc_builder_ip/altera_avalon_pio -- C:/intelfpga/18.1/quartus/../ip/altera/sopc_builder_ip/altera_avalon_pio/generate_rtl.pl --name=MebX_Qsys_Project_csense_adc_fo --dir=C:/Users/thiag/AppData/Local/Temp/alt9975_8297024517803252794.dir/0018_csense_adc_fo_gen/ --quartus_dir=C:/intelfpga/18.1/quartus --verilog --config=C:/Users/thiag/AppData/Local/Temp/alt9975_8297024517803252794.dir/0018_csense_adc_fo_gen//MebX_Qsys_Project_csense_adc_fo_component_configuration.pl  --do_build_sim=0  ]
Info: csense_adc_fo: Done RTL generation for module 'MebX_Qsys_Project_csense_adc_fo'
Info: csense_adc_fo: "MebX_Qsys_Project" instantiated altera_avalon_pio "csense_adc_fo"
Info: csense_cs_n: Starting RTL generation for module 'MebX_Qsys_Project_csense_cs_n'
Info: csense_cs_n:   Generation command is [exec C:/intelfpga/18.1/quartus/bin64/perl/bin/perl.exe -I C:/intelfpga/18.1/quartus/bin64/perl/lib -I C:/intelfpga/18.1/quartus/sopc_builder/bin/europa -I C:/intelfpga/18.1/quartus/sopc_builder/bin/perl_lib -I C:/intelfpga/18.1/quartus/sopc_builder/bin -I C:/intelfpga/18.1/quartus/../ip/altera/sopc_builder_ip/common -I C:/intelfpga/18.1/quartus/../ip/altera/sopc_builder_ip/altera_avalon_pio -- C:/intelfpga/18.1/quartus/../ip/altera/sopc_builder_ip/altera_avalon_pio/generate_rtl.pl --name=MebX_Qsys_Project_csense_cs_n --dir=C:/Users/thiag/AppData/Local/Temp/alt9975_8297024517803252794.dir/0019_csense_cs_n_gen/ --quartus_dir=C:/intelfpga/18.1/quartus --verilog --config=C:/Users/thiag/AppData/Local/Temp/alt9975_8297024517803252794.dir/0019_csense_cs_n_gen//MebX_Qsys_Project_csense_cs_n_component_configuration.pl  --do_build_sim=0  ]
Info: csense_cs_n: Done RTL generation for module 'MebX_Qsys_Project_csense_cs_n'
Info: csense_cs_n: "MebX_Qsys_Project" instantiated altera_avalon_pio "csense_cs_n"
Info: csense_sdo: Starting RTL generation for module 'MebX_Qsys_Project_csense_sdo'
Info: csense_sdo:   Generation command is [exec C:/intelfpga/18.1/quartus/bin64/perl/bin/perl.exe -I C:/intelfpga/18.1/quartus/bin64/perl/lib -I C:/intelfpga/18.1/quartus/sopc_builder/bin/europa -I C:/intelfpga/18.1/quartus/sopc_builder/bin/perl_lib -I C:/intelfpga/18.1/quartus/sopc_builder/bin -I C:/intelfpga/18.1/quartus/../ip/altera/sopc_builder_ip/common -I C:/intelfpga/18.1/quartus/../ip/altera/sopc_builder_ip/altera_avalon_pio -- C:/intelfpga/18.1/quartus/../ip/altera/sopc_builder_ip/altera_avalon_pio/generate_rtl.pl --name=MebX_Qsys_Project_csense_sdo --dir=C:/Users/thiag/AppData/Local/Temp/alt9975_8297024517803252794.dir/0020_csense_sdo_gen/ --quartus_dir=C:/intelfpga/18.1/quartus --verilog --config=C:/Users/thiag/AppData/Local/Temp/alt9975_8297024517803252794.dir/0020_csense_sdo_gen//MebX_Qsys_Project_csense_sdo_component_configuration.pl  --do_build_sim=0  ]
Info: csense_sdo: Done RTL generation for module 'MebX_Qsys_Project_csense_sdo'
Info: csense_sdo: "MebX_Qsys_Project" instantiated altera_avalon_pio "csense_sdo"
Info: ddr2_address_span_extender: "MebX_Qsys_Project" instantiated altera_address_span_extender "ddr2_address_span_extender"
Info: ext_flash: "MebX_Qsys_Project" instantiated altera_generic_tristate_controller "ext_flash"
Info: jtag_uart_0: Starting RTL generation for module 'MebX_Qsys_Project_jtag_uart_0'
Info: jtag_uart_0:   Generation command is [exec C:/intelfpga/18.1/quartus/bin64/perl/bin/perl.exe -I C:/intelfpga/18.1/quartus/bin64/perl/lib -I C:/intelfpga/18.1/quartus/sopc_builder/bin/europa -I C:/intelfpga/18.1/quartus/sopc_builder/bin/perl_lib -I C:/intelfpga/18.1/quartus/sopc_builder/bin -I C:/intelfpga/18.1/quartus/../ip/altera/sopc_builder_ip/common -I C:/intelfpga/18.1/quartus/../ip/altera/sopc_builder_ip/altera_avalon_jtag_uart -- C:/intelfpga/18.1/quartus/../ip/altera/sopc_builder_ip/altera_avalon_jtag_uart/generate_rtl.pl --name=MebX_Qsys_Project_jtag_uart_0 --dir=C:/Users/thiag/AppData/Local/Temp/alt9975_8297024517803252794.dir/0022_jtag_uart_0_gen/ --quartus_dir=C:/intelfpga/18.1/quartus --verilog --config=C:/Users/thiag/AppData/Local/Temp/alt9975_8297024517803252794.dir/0022_jtag_uart_0_gen//MebX_Qsys_Project_jtag_uart_0_component_configuration.pl  --do_build_sim=0  ]
Info: jtag_uart_0: Done RTL generation for module 'MebX_Qsys_Project_jtag_uart_0'
Info: jtag_uart_0: "MebX_Qsys_Project" instantiated altera_avalon_jtag_uart "jtag_uart_0"
Info: m1_ddr2_i2c_sda: Starting RTL generation for module 'MebX_Qsys_Project_m1_ddr2_i2c_sda'
Info: m1_ddr2_i2c_sda:   Generation command is [exec C:/intelfpga/18.1/quartus/bin64/perl/bin/perl.exe -I C:/intelfpga/18.1/quartus/bin64/perl/lib -I C:/intelfpga/18.1/quartus/sopc_builder/bin/europa -I C:/intelfpga/18.1/quartus/sopc_builder/bin/perl_lib -I C:/intelfpga/18.1/quartus/sopc_builder/bin -I C:/intelfpga/18.1/quartus/../ip/altera/sopc_builder_ip/common -I C:/intelfpga/18.1/quartus/../ip/altera/sopc_builder_ip/altera_avalon_pio -- C:/intelfpga/18.1/quartus/../ip/altera/sopc_builder_ip/altera_avalon_pio/generate_rtl.pl --name=MebX_Qsys_Project_m1_ddr2_i2c_sda --dir=C:/Users/thiag/AppData/Local/Temp/alt9975_8297024517803252794.dir/0023_m1_ddr2_i2c_sda_gen/ --quartus_dir=C:/intelfpga/18.1/quartus --verilog --config=C:/Users/thiag/AppData/Local/Temp/alt9975_8297024517803252794.dir/0023_m1_ddr2_i2c_sda_gen//MebX_Qsys_Project_m1_ddr2_i2c_sda_component_configuration.pl  --do_build_sim=0  ]
Info: m1_ddr2_i2c_sda: Done RTL generation for module 'MebX_Qsys_Project_m1_ddr2_i2c_sda'
Info: m1_ddr2_i2c_sda: "MebX_Qsys_Project" instantiated altera_avalon_pio "m1_ddr2_i2c_sda"
Info: mem_if_ddr3_emif_0: "MebX_Qsys_Project" instantiated altera_mem_if_ddr3_emif "mem_if_ddr3_emif_0"
Info: nios2_gen2_0: "MebX_Qsys_Project" instantiated altera_nios2_gen2 "nios2_gen2_0"
Info: onchip_memory: Starting RTL generation for module 'MebX_Qsys_Project_onchip_memory'
Info: onchip_memory:   Generation command is [exec C:/intelfpga/18.1/quartus/bin64/perl/bin/perl.exe -I C:/intelfpga/18.1/quartus/bin64/perl/lib -I C:/intelfpga/18.1/quartus/sopc_builder/bin/europa -I C:/intelfpga/18.1/quartus/sopc_builder/bin/perl_lib -I C:/intelfpga/18.1/quartus/sopc_builder/bin -I C:/intelfpga/18.1/quartus/../ip/altera/sopc_builder_ip/common -I C:/intelfpga/18.1/quartus/../ip/altera/sopc_builder_ip/altera_avalon_onchip_memory2 -- C:/intelfpga/18.1/quartus/../ip/altera/sopc_builder_ip/altera_avalon_onchip_memory2/generate_rtl.pl --name=MebX_Qsys_Project_onchip_memory --dir=C:/Users/thiag/AppData/Local/Temp/alt9975_8297024517803252794.dir/0024_onchip_memory_gen/ --quartus_dir=C:/intelfpga/18.1/quartus --verilog --config=C:/Users/thiag/AppData/Local/Temp/alt9975_8297024517803252794.dir/0024_onchip_memory_gen//MebX_Qsys_Project_onchip_memory_component_configuration.pl  --do_build_sim=0  ]
Info: onchip_memory: Done RTL generation for module 'MebX_Qsys_Project_onchip_memory'
Info: onchip_memory: "MebX_Qsys_Project" instantiated altera_avalon_onchip_memory2 "onchip_memory"
Info: pio_BUTTON: Starting RTL generation for module 'MebX_Qsys_Project_pio_BUTTON'
Info: pio_BUTTON:   Generation command is [exec C:/intelfpga/18.1/quartus/bin64/perl/bin/perl.exe -I C:/intelfpga/18.1/quartus/bin64/perl/lib -I C:/intelfpga/18.1/quartus/sopc_builder/bin/europa -I C:/intelfpga/18.1/quartus/sopc_builder/bin/perl_lib -I C:/intelfpga/18.1/quartus/sopc_builder/bin -I C:/intelfpga/18.1/quartus/../ip/altera/sopc_builder_ip/common -I C:/intelfpga/18.1/quartus/../ip/altera/sopc_builder_ip/altera_avalon_pio -- C:/intelfpga/18.1/quartus/../ip/altera/sopc_builder_ip/altera_avalon_pio/generate_rtl.pl --name=MebX_Qsys_Project_pio_BUTTON --dir=C:/Users/thiag/AppData/Local/Temp/alt9975_8297024517803252794.dir/0025_pio_BUTTON_gen/ --quartus_dir=C:/intelfpga/18.1/quartus --verilog --config=C:/Users/thiag/AppData/Local/Temp/alt9975_8297024517803252794.dir/0025_pio_BUTTON_gen//MebX_Qsys_Project_pio_BUTTON_component_configuration.pl  --do_build_sim=0  ]
Info: pio_BUTTON: Done RTL generation for module 'MebX_Qsys_Project_pio_BUTTON'
Info: pio_BUTTON: "MebX_Qsys_Project" instantiated altera_avalon_pio "pio_BUTTON"
Info: pio_DIP: Starting RTL generation for module 'MebX_Qsys_Project_pio_DIP'
Info: pio_DIP:   Generation command is [exec C:/intelfpga/18.1/quartus/bin64/perl/bin/perl.exe -I C:/intelfpga/18.1/quartus/bin64/perl/lib -I C:/intelfpga/18.1/quartus/sopc_builder/bin/europa -I C:/intelfpga/18.1/quartus/sopc_builder/bin/perl_lib -I C:/intelfpga/18.1/quartus/sopc_builder/bin -I C:/intelfpga/18.1/quartus/../ip/altera/sopc_builder_ip/common -I C:/intelfpga/18.1/quartus/../ip/altera/sopc_builder_ip/altera_avalon_pio -- C:/intelfpga/18.1/quartus/../ip/altera/sopc_builder_ip/altera_avalon_pio/generate_rtl.pl --name=MebX_Qsys_Project_pio_DIP --dir=C:/Users/thiag/AppData/Local/Temp/alt9975_8297024517803252794.dir/0026_pio_DIP_gen/ --quartus_dir=C:/intelfpga/18.1/quartus --verilog --config=C:/Users/thiag/AppData/Local/Temp/alt9975_8297024517803252794.dir/0026_pio_DIP_gen//MebX_Qsys_Project_pio_DIP_component_configuration.pl  --do_build_sim=0  ]
Info: pio_DIP: Done RTL generation for module 'MebX_Qsys_Project_pio_DIP'
Info: pio_DIP: "MebX_Qsys_Project" instantiated altera_avalon_pio "pio_DIP"
Info: pio_EXT: Starting RTL generation for module 'MebX_Qsys_Project_pio_EXT'
Info: pio_EXT:   Generation command is [exec C:/intelfpga/18.1/quartus/bin64/perl/bin/perl.exe -I C:/intelfpga/18.1/quartus/bin64/perl/lib -I C:/intelfpga/18.1/quartus/sopc_builder/bin/europa -I C:/intelfpga/18.1/quartus/sopc_builder/bin/perl_lib -I C:/intelfpga/18.1/quartus/sopc_builder/bin -I C:/intelfpga/18.1/quartus/../ip/altera/sopc_builder_ip/common -I C:/intelfpga/18.1/quartus/../ip/altera/sopc_builder_ip/altera_avalon_pio -- C:/intelfpga/18.1/quartus/../ip/altera/sopc_builder_ip/altera_avalon_pio/generate_rtl.pl --name=MebX_Qsys_Project_pio_EXT --dir=C:/Users/thiag/AppData/Local/Temp/alt9975_8297024517803252794.dir/0027_pio_EXT_gen/ --quartus_dir=C:/intelfpga/18.1/quartus --verilog --config=C:/Users/thiag/AppData/Local/Temp/alt9975_8297024517803252794.dir/0027_pio_EXT_gen//MebX_Qsys_Project_pio_EXT_component_configuration.pl  --do_build_sim=0  ]
Info: pio_EXT: Done RTL generation for module 'MebX_Qsys_Project_pio_EXT'
Info: pio_EXT: "MebX_Qsys_Project" instantiated altera_avalon_pio "pio_EXT"
Info: pio_LED: Starting RTL generation for module 'MebX_Qsys_Project_pio_LED'
Info: pio_LED:   Generation command is [exec C:/intelfpga/18.1/quartus/bin64/perl/bin/perl.exe -I C:/intelfpga/18.1/quartus/bin64/perl/lib -I C:/intelfpga/18.1/quartus/sopc_builder/bin/europa -I C:/intelfpga/18.1/quartus/sopc_builder/bin/perl_lib -I C:/intelfpga/18.1/quartus/sopc_builder/bin -I C:/intelfpga/18.1/quartus/../ip/altera/sopc_builder_ip/common -I C:/intelfpga/18.1/quartus/../ip/altera/sopc_builder_ip/altera_avalon_pio -- C:/intelfpga/18.1/quartus/../ip/altera/sopc_builder_ip/altera_avalon_pio/generate_rtl.pl --name=MebX_Qsys_Project_pio_LED --dir=C:/Users/thiag/AppData/Local/Temp/alt9975_8297024517803252794.dir/0028_pio_LED_gen/ --quartus_dir=C:/intelfpga/18.1/quartus --verilog --config=C:/Users/thiag/AppData/Local/Temp/alt9975_8297024517803252794.dir/0028_pio_LED_gen//MebX_Qsys_Project_pio_LED_component_configuration.pl  --do_build_sim=0  ]
Info: pio_LED: Done RTL generation for module 'MebX_Qsys_Project_pio_LED'
Info: pio_LED: "MebX_Qsys_Project" instantiated altera_avalon_pio "pio_LED"
Info: pio_LED_painel: Starting RTL generation for module 'MebX_Qsys_Project_pio_LED_painel'
Info: pio_LED_painel:   Generation command is [exec C:/intelfpga/18.1/quartus/bin64/perl/bin/perl.exe -I C:/intelfpga/18.1/quartus/bin64/perl/lib -I C:/intelfpga/18.1/quartus/sopc_builder/bin/europa -I C:/intelfpga/18.1/quartus/sopc_builder/bin/perl_lib -I C:/intelfpga/18.1/quartus/sopc_builder/bin -I C:/intelfpga/18.1/quartus/../ip/altera/sopc_builder_ip/common -I C:/intelfpga/18.1/quartus/../ip/altera/sopc_builder_ip/altera_avalon_pio -- C:/intelfpga/18.1/quartus/../ip/altera/sopc_builder_ip/altera_avalon_pio/generate_rtl.pl --name=MebX_Qsys_Project_pio_LED_painel --dir=C:/Users/thiag/AppData/Local/Temp/alt9975_8297024517803252794.dir/0029_pio_LED_painel_gen/ --quartus_dir=C:/intelfpga/18.1/quartus --verilog --config=C:/Users/thiag/AppData/Local/Temp/alt9975_8297024517803252794.dir/0029_pio_LED_painel_gen//MebX_Qsys_Project_pio_LED_painel_component_configuration.pl  --do_build_sim=0  ]
Info: pio_LED_painel: Done RTL generation for module 'MebX_Qsys_Project_pio_LED_painel'
Info: pio_LED_painel: "MebX_Qsys_Project" instantiated altera_avalon_pio "pio_LED_painel"
Info: pio_ctrl_io_lvds: Starting RTL generation for module 'MebX_Qsys_Project_pio_ctrl_io_lvds'
Info: pio_ctrl_io_lvds:   Generation command is [exec C:/intelfpga/18.1/quartus/bin64/perl/bin/perl.exe -I C:/intelfpga/18.1/quartus/bin64/perl/lib -I C:/intelfpga/18.1/quartus/sopc_builder/bin/europa -I C:/intelfpga/18.1/quartus/sopc_builder/bin/perl_lib -I C:/intelfpga/18.1/quartus/sopc_builder/bin -I C:/intelfpga/18.1/quartus/../ip/altera/sopc_builder_ip/common -I C:/intelfpga/18.1/quartus/../ip/altera/sopc_builder_ip/altera_avalon_pio -- C:/intelfpga/18.1/quartus/../ip/altera/sopc_builder_ip/altera_avalon_pio/generate_rtl.pl --name=MebX_Qsys_Project_pio_ctrl_io_lvds --dir=C:/Users/thiag/AppData/Local/Temp/alt9975_8297024517803252794.dir/0030_pio_ctrl_io_lvds_gen/ --quartus_dir=C:/intelfpga/18.1/quartus --verilog --config=C:/Users/thiag/AppData/Local/Temp/alt9975_8297024517803252794.dir/0030_pio_ctrl_io_lvds_gen//MebX_Qsys_Project_pio_ctrl_io_lvds_component_configuration.pl  --do_build_sim=0  ]
Info: pio_ctrl_io_lvds: Done RTL generation for module 'MebX_Qsys_Project_pio_ctrl_io_lvds'
Info: pio_ctrl_io_lvds: "MebX_Qsys_Project" instantiated altera_avalon_pio "pio_ctrl_io_lvds"
Info: pio_spw_mux_ch_h_select: Starting RTL generation for module 'MebX_Qsys_Project_pio_spw_mux_ch_h_select'
Info: pio_spw_mux_ch_h_select:   Generation command is [exec C:/intelfpga/18.1/quartus/bin64/perl/bin/perl.exe -I C:/intelfpga/18.1/quartus/bin64/perl/lib -I C:/intelfpga/18.1/quartus/sopc_builder/bin/europa -I C:/intelfpga/18.1/quartus/sopc_builder/bin/perl_lib -I C:/intelfpga/18.1/quartus/sopc_builder/bin -I C:/intelfpga/18.1/quartus/../ip/altera/sopc_builder_ip/common -I C:/intelfpga/18.1/quartus/../ip/altera/sopc_builder_ip/altera_avalon_pio -- C:/intelfpga/18.1/quartus/../ip/altera/sopc_builder_ip/altera_avalon_pio/generate_rtl.pl --name=MebX_Qsys_Project_pio_spw_mux_ch_h_select --dir=C:/Users/thiag/AppData/Local/Temp/alt9975_8297024517803252794.dir/0031_pio_spw_mux_ch_h_select_gen/ --quartus_dir=C:/intelfpga/18.1/quartus --verilog --config=C:/Users/thiag/AppData/Local/Temp/alt9975_8297024517803252794.dir/0031_pio_spw_mux_ch_h_select_gen//MebX_Qsys_Project_pio_spw_mux_ch_h_select_component_configuration.pl  --do_build_sim=0  ]
Info: pio_spw_mux_ch_h_select: Done RTL generation for module 'MebX_Qsys_Project_pio_spw_mux_ch_h_select'
Info: pio_spw_mux_ch_h_select: "MebX_Qsys_Project" instantiated altera_avalon_pio "pio_spw_mux_ch_h_select"
Info: rs232_uart: Starting RTL generation for module 'MebX_Qsys_Project_rs232_uart'
Info: rs232_uart:   Generation command is [exec C:/intelfpga/18.1/quartus/bin64/perl/bin/perl.exe -I C:/intelfpga/18.1/quartus/bin64/perl/lib -I C:/intelfpga/18.1/quartus/sopc_builder/bin/europa -I C:/intelfpga/18.1/quartus/sopc_builder/bin/perl_lib -I C:/intelfpga/18.1/quartus/sopc_builder/bin -I C:/intelfpga/18.1/quartus/../ip/altera/sopc_builder_ip/common -I C:/intelfpga/18.1/quartus/../ip/altera/sopc_builder_ip/altera_avalon_uart -- C:/intelfpga/18.1/quartus/../ip/altera/sopc_builder_ip/altera_avalon_uart/generate_rtl.pl --name=MebX_Qsys_Project_rs232_uart --dir=C:/Users/thiag/AppData/Local/Temp/alt9975_8297024517803252794.dir/0032_rs232_uart_gen/ --quartus_dir=C:/intelfpga/18.1/quartus --verilog --config=C:/Users/thiag/AppData/Local/Temp/alt9975_8297024517803252794.dir/0032_rs232_uart_gen//MebX_Qsys_Project_rs232_uart_component_configuration.pl  --do_build_sim=0  ]
Info: rs232_uart: Done RTL generation for module 'MebX_Qsys_Project_rs232_uart'
Info: rs232_uart: "MebX_Qsys_Project" instantiated altera_avalon_uart "rs232_uart"
Info: rst_controller: "MebX_Qsys_Project" instantiated rst_controller "rst_controller"
Info: sync: "MebX_Qsys_Project" instantiated Sync "sync"
Info: sysid_qsys: "MebX_Qsys_Project" instantiated altera_avalon_sysid_qsys "sysid_qsys"
Info: timer_1ms: Starting RTL generation for module 'MebX_Qsys_Project_timer_1ms'
Info: timer_1ms:   Generation command is [exec C:/intelFPGA/18.1/quartus/bin64//perl/bin/perl.exe -I C:/intelFPGA/18.1/quartus/bin64//perl/lib -I C:/intelfpga/18.1/quartus/sopc_builder/bin/europa -I C:/intelfpga/18.1/quartus/sopc_builder/bin/perl_lib -I C:/intelfpga/18.1/quartus/sopc_builder/bin -I C:/intelfpga/18.1/quartus/../ip/altera/sopc_builder_ip/common -I C:/intelfpga/18.1/quartus/../ip/altera/sopc_builder_ip/altera_avalon_timer -- C:/intelfpga/18.1/quartus/../ip/altera/sopc_builder_ip/altera_avalon_timer/generate_rtl.pl --name=MebX_Qsys_Project_timer_1ms --dir=C:/Users/thiag/AppData/Local/Temp/alt9975_8297024517803252794.dir/0036_timer_1ms_gen/ --quartus_dir=C:/intelfpga/18.1/quartus --verilog --config=C:/Users/thiag/AppData/Local/Temp/alt9975_8297024517803252794.dir/0036_timer_1ms_gen//MebX_Qsys_Project_timer_1ms_component_configuration.pl  --do_build_sim=0  ]
Info: timer_1ms: Done RTL generation for module 'MebX_Qsys_Project_timer_1ms'
Info: timer_1ms: "MebX_Qsys_Project" instantiated altera_avalon_timer "timer_1ms"
Info: timer_1us: Starting RTL generation for module 'MebX_Qsys_Project_timer_1us'
Info: timer_1us:   Generation command is [exec C:/intelFPGA/18.1/quartus/bin64//perl/bin/perl.exe -I C:/intelFPGA/18.1/quartus/bin64//perl/lib -I C:/intelfpga/18.1/quartus/sopc_builder/bin/europa -I C:/intelfpga/18.1/quartus/sopc_builder/bin/perl_lib -I C:/intelfpga/18.1/quartus/sopc_builder/bin -I C:/intelfpga/18.1/quartus/../ip/altera/sopc_builder_ip/common -I C:/intelfpga/18.1/quartus/../ip/altera/sopc_builder_ip/altera_avalon_timer -- C:/intelfpga/18.1/quartus/../ip/altera/sopc_builder_ip/altera_avalon_timer/generate_rtl.pl --name=MebX_Qsys_Project_timer_1us --dir=C:/Users/thiag/AppData/Local/Temp/alt9975_8297024517803252794.dir/0037_timer_1us_gen/ --quartus_dir=C:/intelfpga/18.1/quartus --verilog --config=C:/Users/thiag/AppData/Local/Temp/alt9975_8297024517803252794.dir/0037_timer_1us_gen//MebX_Qsys_Project_timer_1us_component_configuration.pl  --do_build_sim=0  ]
Info: timer_1us: Done RTL generation for module 'MebX_Qsys_Project_timer_1us'
Info: timer_1us: "MebX_Qsys_Project" instantiated altera_avalon_timer "timer_1us"
Info: tristate_conduit_bridge_0: "MebX_Qsys_Project" instantiated altera_tristate_conduit_bridge "tristate_conduit_bridge_0"
Info: uart_module_top_0: "MebX_Qsys_Project" instantiated uart_module_top "uart_module_top_0"
Info: avalon_st_adapter: Inserting error_adapter: error_adapter_0
Info: mm_interconnect_0: "MebX_Qsys_Project" instantiated altera_mm_interconnect "mm_interconnect_0"
Info: avalon_st_adapter: Inserting error_adapter: error_adapter_0
Info: avalon_st_adapter_001: Inserting error_adapter: error_adapter_0
Info: avalon_st_adapter_002: Inserting error_adapter: error_adapter_0
Info: avalon_st_adapter_003: Inserting error_adapter: error_adapter_0
Info: avalon_st_adapter_004: Inserting error_adapter: error_adapter_0
Info: avalon_st_adapter_005: Inserting error_adapter: error_adapter_0
Info: avalon_st_adapter_006: Inserting error_adapter: error_adapter_0
Info: avalon_st_adapter_007: Inserting error_adapter: error_adapter_0
Info: avalon_st_adapter_008: Inserting error_adapter: error_adapter_0
Info: avalon_st_adapter_009: Inserting error_adapter: error_adapter_0
Info: avalon_st_adapter_010: Inserting error_adapter: error_adapter_0
Info: avalon_st_adapter_011: Inserting error_adapter: error_adapter_0
Info: avalon_st_adapter_012: Inserting error_adapter: error_adapter_0
Info: avalon_st_adapter_013: Inserting error_adapter: error_adapter_0
Info: avalon_st_adapter_014: Inserting error_adapter: error_adapter_0
Info: avalon_st_adapter_015: Inserting error_adapter: error_adapter_0
Info: avalon_st_adapter_016: Inserting error_adapter: error_adapter_0
Info: avalon_st_adapter_017: Inserting error_adapter: error_adapter_0
Info: avalon_st_adapter_018: Inserting error_adapter: error_adapter_0
Info: avalon_st_adapter_019: Inserting error_adapter: error_adapter_0
Info: avalon_st_adapter_020: Inserting error_adapter: error_adapter_0
Info: avalon_st_adapter_021: Inserting error_adapter: error_adapter_0
Info: avalon_st_adapter_022: Inserting error_adapter: error_adapter_0
Info: avalon_st_adapter_023: Inserting error_adapter: error_adapter_0
Info: avalon_st_adapter_024: Inserting error_adapter: error_adapter_0
Info: avalon_st_adapter_025: Inserting error_adapter: error_adapter_0
Info: avalon_st_adapter_026: Inserting error_adapter: error_adapter_0
Info: avalon_st_adapter_027: Inserting error_adapter: error_adapter_0
Info: mm_interconnect_1: "MebX_Qsys_Project" instantiated altera_mm_interconnect "mm_interconnect_1"
Info: avalon_st_adapter: Inserting error_adapter: error_adapter_0
Info: avalon_st_adapter_001: Inserting error_adapter: error_adapter_0
Info: avalon_st_adapter_002: Inserting error_adapter: error_adapter_0
Info: avalon_st_adapter_003: Inserting error_adapter: error_adapter_0
Info: avalon_st_adapter_004: Inserting error_adapter: error_adapter_0
Info: avalon_st_adapter_005: Inserting error_adapter: error_adapter_0
Info: avalon_st_adapter_006: Inserting error_adapter: error_adapter_0
Info: avalon_st_adapter_007: Inserting error_adapter: error_adapter_0
Info: avalon_st_adapter_008: Inserting error_adapter: error_adapter_0
Info: avalon_st_adapter_009: Inserting error_adapter: error_adapter_0
Info: avalon_st_adapter_010: Inserting error_adapter: error_adapter_0
Info: avalon_st_adapter_011: Inserting error_adapter: error_adapter_0
Info: avalon_st_adapter_012: Inserting error_adapter: error_adapter_0
Info: avalon_st_adapter_013: Inserting error_adapter: error_adapter_0
Info: avalon_st_adapter_014: Inserting error_adapter: error_adapter_0
Info: avalon_st_adapter_015: Inserting error_adapter: error_adapter_0
Info: avalon_st_adapter_016: Inserting error_adapter: error_adapter_0
Info: avalon_st_adapter_017: Inserting error_adapter: error_adapter_0
Info: avalon_st_adapter_018: Inserting error_adapter: error_adapter_0
Info: avalon_st_adapter_019: Inserting error_adapter: error_adapter_0
Info: avalon_st_adapter_020: Inserting error_adapter: error_adapter_0
Info: avalon_st_adapter_021: Inserting error_adapter: error_adapter_0
Info: avalon_st_adapter_022: Inserting error_adapter: error_adapter_0
Info: avalon_st_adapter_023: Inserting error_adapter: error_adapter_0
Info: avalon_st_adapter_024: Inserting error_adapter: error_adapter_0
Info: avalon_st_adapter_025: Inserting error_adapter: error_adapter_0
Info: avalon_st_adapter_026: Inserting error_adapter: error_adapter_0
Info: avalon_st_adapter_027: Inserting error_adapter: error_adapter_0
Info: avalon_st_adapter_028: Inserting error_adapter: error_adapter_0
Info: avalon_st_adapter_029: Inserting error_adapter: error_adapter_0
Info: avalon_st_adapter_030: Inserting error_adapter: error_adapter_0
Info: avalon_st_adapter_031: Inserting error_adapter: error_adapter_0
Info: mm_interconnect_2: "MebX_Qsys_Project" instantiated altera_mm_interconnect "mm_interconnect_2"
Info: irq_mapper: "MebX_Qsys_Project" instantiated altera_irq_mapper "irq_mapper"
Info: irq_synchronizer: "MebX_Qsys_Project" instantiated altera_irq_clock_crosser "irq_synchronizer"
Info: rst_controller_001: "MebX_Qsys_Project" instantiated altera_reset_controller "rst_controller_001"
Info: tdt: "ext_flash" instantiated altera_tristate_controller_translator "tdt"
Info: slave_translator: "ext_flash" instantiated altera_merlin_slave_translator "slave_translator"
Info: tda: "ext_flash" instantiated altera_tristate_controller_aggregator "tda"
Info: pll0: "mem_if_ddr3_emif_0" instantiated altera_mem_if_ddr3_pll "pll0"
Info: p0: Generating clock pair generator
Info: p0: Generating MebX_Qsys_Project_mem_if_ddr3_emif_0_p0_altdqdqs
Info: p0: 
Info: p0: *****************************
Info: p0: 
Info: p0: Remember to run the MebX_Qsys_Project_mem_if_ddr3_emif_0_p0_pin_assignments.tcl
Info: p0: script after running Synthesis and before Fitting.
Info: p0: 
Info: p0: *****************************
Info: p0: 
Info: p0: "mem_if_ddr3_emif_0" instantiated altera_mem_if_ddr3_phy_core "p0"
Info: m0: "mem_if_ddr3_emif_0" instantiated altera_mem_if_ddr3_afi_mux "m0"
Info: s0: Generating Qsys sequencer system
Info: s0: QSYS sequencer system generated successfully
Info: s0: "mem_if_ddr3_emif_0" instantiated altera_mem_if_ddr3_qseq "s0"
Info: dmaster: "mem_if_ddr3_emif_0" instantiated altera_jtag_avalon_master "dmaster"
Info: c0: "mem_if_ddr3_emif_0" instantiated altera_mem_if_nextgen_ddr3_controller "c0"
Info: oct0: "mem_if_ddr3_emif_0" instantiated altera_mem_if_oct "oct0"
Info: dll0: "mem_if_ddr3_emif_0" instantiated altera_mem_if_dll "dll0"
Info: mm_interconnect_0: "mem_if_ddr3_emif_0" instantiated altera_mm_interconnect "mm_interconnect_0"
Info: cpu: Starting RTL generation for module 'MebX_Qsys_Project_nios2_gen2_0_cpu'
Info: cpu:   Generation command is [exec C:/intelFPGA/18.1/quartus/bin64//eperlcmd.exe -I C:/intelFPGA/18.1/quartus/bin64//perl/lib -I C:/intelfpga/18.1/quartus/sopc_builder/bin/europa -I C:/intelfpga/18.1/quartus/sopc_builder/bin/perl_lib -I C:/intelfpga/18.1/quartus/sopc_builder/bin -I C:/intelfpga/18.1/quartus/../ip/altera/nios2_ip/altera_nios2_gen2/cpu_lib -I C:/intelfpga/18.1/quartus/../ip/altera/nios2_ip/altera_nios2_gen2/nios_lib -I C:/intelfpga/18.1/quartus/../ip/altera/nios2_ip/altera_nios2_gen2 -I C:/intelfpga/18.1/quartus/../ip/altera/nios2_ip/altera_nios2_gen2 -- C:/intelfpga/18.1/quartus/../ip/altera/nios2_ip/altera_nios2_gen2/generate_rtl.epl --name=MebX_Qsys_Project_nios2_gen2_0_cpu --dir=C:/Users/thiag/AppData/Local/Temp/alt9975_8297024517803252794.dir/0052_cpu_gen/ --quartus_bindir=C:/intelFPGA/18.1/quartus/bin64/ --verilog --config=C:/Users/thiag/AppData/Local/Temp/alt9975_8297024517803252794.dir/0052_cpu_gen//MebX_Qsys_Project_nios2_gen2_0_cpu_processor_configuration.pl  --do_build_sim=0  ]
Info: cpu: # 2024.09.09 08:16:38 (*) Starting Nios II generation
Info: cpu: # 2024.09.09 08:16:38 (*)   Checking for plaintext license.
Info: cpu: # 2024.09.09 08:16:50 (*)   Plaintext license not found.
Info: cpu: # 2024.09.09 08:16:50 (*)   Checking for encrypted license (non-evaluation).
Info: cpu: # 2024.09.09 08:17:02 (*)   Encrypted license found.  SOF will not be time-limited.
Info: cpu: # 2024.09.09 08:17:02 (*)   Elaborating CPU configuration settings
Info: cpu: # 2024.09.09 08:17:02 (*)   Creating all objects for CPU
Info: cpu: # 2024.09.09 08:17:02 (*)     Testbench
Info: cpu: # 2024.09.09 08:17:02 (*)     Instruction decoding
Info: cpu: # 2024.09.09 08:17:02 (*)       Instruction fields
Info: cpu: # 2024.09.09 08:17:02 (*)       Instruction decodes
Info: cpu: # 2024.09.09 08:17:02 (*)       Signals for RTL simulation waveforms
Info: cpu: # 2024.09.09 08:17:02 (*)       Instruction controls
Info: cpu: # 2024.09.09 08:17:02 (*)     Pipeline frontend
Info: cpu: # 2024.09.09 08:17:02 (*)     Pipeline backend
Info: cpu: # 2024.09.09 08:17:03 (*)   Generating RTL from CPU objects
Info: cpu: # 2024.09.09 08:17:04 (*)   Creating encrypted RTL
Info: cpu: # 2024.09.09 08:17:05 (*) Done Nios II generation
Info: cpu: Done RTL generation for module 'MebX_Qsys_Project_nios2_gen2_0_cpu'
Info: cpu: "nios2_gen2_0" instantiated altera_nios2_gen2_unit "cpu"
Info: uart_module_top_0_avalon_master_rs232_translator: "mm_interconnect_0" instantiated altera_merlin_master_translator "uart_module_top_0_avalon_master_rs232_translator"
Info: uart_module_top_0_avalon_master_rs232_agent: "mm_interconnect_0" instantiated altera_merlin_master_agent "uart_module_top_0_avalon_master_rs232_agent"
Info: Reusing file C:/projetos_plato/SimuCam_Development_Data_Transmission-release_I3.1.8.0.0_v3/G3U_HW_V02_2GB/Qsys_Project/MebX_Qsys_Project/synthesis/submodules/altera_merlin_master_agent.sv
Info: rs232_uart_s1_agent: "mm_interconnect_0" instantiated altera_merlin_slave_agent "rs232_uart_s1_agent"
Info: Reusing file C:/projetos_plato/SimuCam_Development_Data_Transmission-release_I3.1.8.0.0_v3/G3U_HW_V02_2GB/Qsys_Project/MebX_Qsys_Project/synthesis/submodules/altera_merlin_slave_agent.sv
Info: Reusing file C:/projetos_plato/SimuCam_Development_Data_Transmission-release_I3.1.8.0.0_v3/G3U_HW_V02_2GB/Qsys_Project/MebX_Qsys_Project/synthesis/submodules/altera_merlin_burst_uncompressor.sv
Info: rs232_uart_s1_agent_rsp_fifo: "mm_interconnect_0" instantiated altera_avalon_sc_fifo "rs232_uart_s1_agent_rsp_fifo"
Info: router: "mm_interconnect_0" instantiated altera_merlin_router "router"
Info: router_001: "mm_interconnect_0" instantiated altera_merlin_router "router_001"
Info: cmd_demux: "mm_interconnect_0" instantiated altera_merlin_demultiplexer "cmd_demux"
Info: cmd_mux: "mm_interconnect_0" instantiated altera_merlin_multiplexer "cmd_mux"
Info: Reusing file C:/projetos_plato/SimuCam_Development_Data_Transmission-release_I3.1.8.0.0_v3/G3U_HW_V02_2GB/Qsys_Project/MebX_Qsys_Project/synthesis/submodules/altera_merlin_arbitrator.sv
Info: rsp_mux: "mm_interconnect_0" instantiated altera_merlin_multiplexer "rsp_mux"
Info: Reusing file C:/projetos_plato/SimuCam_Development_Data_Transmission-release_I3.1.8.0.0_v3/G3U_HW_V02_2GB/Qsys_Project/MebX_Qsys_Project/synthesis/submodules/altera_merlin_arbitrator.sv
Info: rs232_uart_s1_cmd_width_adapter: "mm_interconnect_0" instantiated altera_merlin_width_adapter "rs232_uart_s1_cmd_width_adapter"
Info: Reusing file C:/projetos_plato/SimuCam_Development_Data_Transmission-release_I3.1.8.0.0_v3/G3U_HW_V02_2GB/Qsys_Project/MebX_Qsys_Project/synthesis/submodules/altera_merlin_burst_uncompressor.sv
Info: avalon_st_adapter: "mm_interconnect_0" instantiated altera_avalon_st_adapter "avalon_st_adapter"
Info: router: "mm_interconnect_1" instantiated altera_merlin_router "router"
Info: router_001: "mm_interconnect_1" instantiated altera_merlin_router "router_001"
Info: router_002: "mm_interconnect_1" instantiated altera_merlin_router "router_002"
Info: router_023: "mm_interconnect_1" instantiated altera_merlin_router "router_023"
Info: router_025: "mm_interconnect_1" instantiated altera_merlin_router "router_025"
Info: router_028: "mm_interconnect_1" instantiated altera_merlin_router "router_028"
Info: nios2_gen2_0_instruction_master_limiter: "mm_interconnect_1" instantiated altera_merlin_traffic_limiter "nios2_gen2_0_instruction_master_limiter"
Info: Reusing file C:/projetos_plato/SimuCam_Development_Data_Transmission-release_I3.1.8.0.0_v3/G3U_HW_V02_2GB/Qsys_Project/MebX_Qsys_Project/synthesis/submodules/altera_merlin_traffic_limiter.sv
Info: Reusing file C:/projetos_plato/SimuCam_Development_Data_Transmission-release_I3.1.8.0.0_v3/G3U_HW_V02_2GB/Qsys_Project/MebX_Qsys_Project/synthesis/submodules/altera_merlin_reorder_memory.sv
Info: Reusing file C:/projetos_plato/SimuCam_Development_Data_Transmission-release_I3.1.8.0.0_v3/G3U_HW_V02_2GB/Qsys_Project/MebX_Qsys_Project/synthesis/submodules/altera_avalon_sc_fifo.v
Info: nios2_gen2_0_debug_mem_slave_burst_adapter: "mm_interconnect_1" instantiated altera_merlin_burst_adapter "nios2_gen2_0_debug_mem_slave_burst_adapter"
Info: Reusing file C:/projetos_plato/SimuCam_Development_Data_Transmission-release_I3.1.8.0.0_v3/G3U_HW_V02_2GB/Qsys_Project/MebX_Qsys_Project/synthesis/submodules/altera_merlin_address_alignment.sv
Info: Reusing file C:/projetos_plato/SimuCam_Development_Data_Transmission-release_I3.1.8.0.0_v3/G3U_HW_V02_2GB/Qsys_Project/MebX_Qsys_Project/synthesis/submodules/altera_avalon_st_pipeline_base.v
Info: cmd_demux: "mm_interconnect_1" instantiated altera_merlin_demultiplexer "cmd_demux"
Info: cmd_demux_001: "mm_interconnect_1" instantiated altera_merlin_demultiplexer "cmd_demux_001"
Info: cmd_mux: "mm_interconnect_1" instantiated altera_merlin_multiplexer "cmd_mux"
Info: Reusing file C:/projetos_plato/SimuCam_Development_Data_Transmission-release_I3.1.8.0.0_v3/G3U_HW_V02_2GB/Qsys_Project/MebX_Qsys_Project/synthesis/submodules/altera_merlin_arbitrator.sv
Info: cmd_mux_023: "mm_interconnect_1" instantiated altera_merlin_multiplexer "cmd_mux_023"
Info: Reusing file C:/projetos_plato/SimuCam_Development_Data_Transmission-release_I3.1.8.0.0_v3/G3U_HW_V02_2GB/Qsys_Project/MebX_Qsys_Project/synthesis/submodules/altera_merlin_arbitrator.sv
Info: rsp_demux: "mm_interconnect_1" instantiated altera_merlin_demultiplexer "rsp_demux"
Info: rsp_demux_023: "mm_interconnect_1" instantiated altera_merlin_demultiplexer "rsp_demux_023"
Info: rsp_mux: "mm_interconnect_1" instantiated altera_merlin_multiplexer "rsp_mux"
Info: Reusing file C:/projetos_plato/SimuCam_Development_Data_Transmission-release_I3.1.8.0.0_v3/G3U_HW_V02_2GB/Qsys_Project/MebX_Qsys_Project/synthesis/submodules/altera_merlin_arbitrator.sv
Info: rsp_mux_001: "mm_interconnect_1" instantiated altera_merlin_multiplexer "rsp_mux_001"
Info: Reusing file C:/projetos_plato/SimuCam_Development_Data_Transmission-release_I3.1.8.0.0_v3/G3U_HW_V02_2GB/Qsys_Project/MebX_Qsys_Project/synthesis/submodules/altera_merlin_arbitrator.sv
Info: avalon_st_adapter_021: "mm_interconnect_1" instantiated altera_avalon_st_adapter "avalon_st_adapter_021"
Info: avalon_st_adapter_026: "mm_interconnect_1" instantiated altera_avalon_st_adapter "avalon_st_adapter_026"
Info: router: "mm_interconnect_2" instantiated altera_merlin_router "router"
Info: router_001: "mm_interconnect_2" instantiated altera_merlin_router "router_001"
Info: cmd_demux: "mm_interconnect_2" instantiated altera_merlin_demultiplexer "cmd_demux"
Info: cmd_mux: "mm_interconnect_2" instantiated altera_merlin_multiplexer "cmd_mux"
Info: Reusing file C:/projetos_plato/SimuCam_Development_Data_Transmission-release_I3.1.8.0.0_v3/G3U_HW_V02_2GB/Qsys_Project/MebX_Qsys_Project/synthesis/submodules/altera_merlin_arbitrator.sv
Info: rsp_demux: "mm_interconnect_2" instantiated altera_merlin_demultiplexer "rsp_demux"
Info: rsp_mux: "mm_interconnect_2" instantiated altera_merlin_multiplexer "rsp_mux"
Info: Reusing file C:/projetos_plato/SimuCam_Development_Data_Transmission-release_I3.1.8.0.0_v3/G3U_HW_V02_2GB/Qsys_Project/MebX_Qsys_Project/synthesis/submodules/altera_merlin_arbitrator.sv
Info: jtag_phy_embedded_in_jtag_master: "dmaster" instantiated altera_jtag_dc_streaming "jtag_phy_embedded_in_jtag_master"
Info: Reusing file C:/projetos_plato/SimuCam_Development_Data_Transmission-release_I3.1.8.0.0_v3/G3U_HW_V02_2GB/Qsys_Project/MebX_Qsys_Project/synthesis/submodules/altera_std_synchronizer_nocut.v
Info: Reusing file C:/projetos_plato/SimuCam_Development_Data_Transmission-release_I3.1.8.0.0_v3/G3U_HW_V02_2GB/Qsys_Project/MebX_Qsys_Project/synthesis/submodules/altera_avalon_st_pipeline_base.v
Info: Reusing file C:/projetos_plato/SimuCam_Development_Data_Transmission-release_I3.1.8.0.0_v3/G3U_HW_V02_2GB/Qsys_Project/MebX_Qsys_Project/synthesis/submodules/altera_avalon_st_pipeline_stage.sv
Info: timing_adt: "dmaster" instantiated timing_adapter "timing_adt"
Info: b2p: "dmaster" instantiated altera_avalon_st_bytes_to_packets "b2p"
Info: p2b: "dmaster" instantiated altera_avalon_st_packets_to_bytes "p2b"
Info: transacto: "dmaster" instantiated altera_avalon_packets_to_master "transacto"
Info: b2p_adapter: "dmaster" instantiated channel_adapter "b2p_adapter"
Info: p2b_adapter: "dmaster" instantiated channel_adapter "p2b_adapter"
Info: ng0: "c0" instantiated altera_mem_if_nextgen_ddr3_controller_core "ng0"
Info: a0: "c0" instantiated alt_mem_ddrx_mm_st_converter "a0"
Info: error_adapter_0: "avalon_st_adapter" instantiated error_adapter "error_adapter_0"
Info: error_adapter_0: "avalon_st_adapter_021" instantiated error_adapter "error_adapter_0"
Info: error_adapter_0: "avalon_st_adapter_026" instantiated error_adapter "error_adapter_0"
Info: MebX_Qsys_Project: Done "MebX_Qsys_Project" with 104 modules, 462 files
Info: qsys-generate succeeded.
Info: Finished: Create HDL design files for synthesis
