------------------------------------------------------------
Timing Analyzer Summary
------------------------------------------------------------

Type  : Slow 900mV 85C Model Setup 'SOPC_INST|mem_if_ddr3_emif_0|pll0|pll_afi_half_clk'
Slack : -12.372
TNS   : -41663.101

Type  : Slow 900mV 85C Model Setup 'SOPC_INST|mem_if_ddr3_emif_0|pll0|pll_afi_clk'
Slack : -1.047
TNS   : -85.395

Type  : Slow 900mV 85C Model Setup 'umft601a_clk_100mhz'
Slack : -0.665
TNS   : -1.304

Type  : Slow 900mV 85C Model Setup 'SOPC_INST|mem_if_ddr3_emif_0|pll0|pll_write_clk'
Slack : -0.069
TNS   : -0.453

Type  : Slow 900mV 85C Model Setup 'M1_DDR3_clk[1]'
Slack : 0.256
TNS   : 0.000

Type  : Slow 900mV 85C Model Setup 'M1_DDR3_clk[0]'
Slack : 0.289
TNS   : 0.000

Type  : Slow 900mV 85C Model Setup 'SOPC_INST|mem_if_ddr3_emif_0|MebX_Qsys_Project_mem_if_ddr3_emif_0_p0_leveling_clk'
Slack : 0.435
TNS   : 0.000

Type  : Slow 900mV 85C Model Setup 'SOPC_INST|mem_if_ddr3_emif_0|pll0|pll_addr_cmd_clk'
Slack : 0.862
TNS   : 0.000

Type  : Slow 900mV 85C Model Setup 'SOPC_INST|mem_if_ddr3_emif_0|pll0|pll_avl_clk'
Slack : 1.479
TNS   : 0.000

Type  : Slow 900mV 85C Model Setup 'SOPC_INST|mem_if_ddr3_emif_0|pll0|pll_config_clk'
Slack : 7.183
TNS   : 0.000

Type  : Slow 900mV 85C Model Setup 'osc_bank_4_50mhz'
Slack : 9.847
TNS   : 0.000

Type  : Slow 900mV 85C Model Setup 'altera_reserved_tck'
Slack : 46.622
TNS   : 0.000

Type  : Slow 900mV 85C Model Hold 'SOPC_INST|mem_if_ddr3_emif_0|pll0|pll_afi_half_clk'
Slack : -0.028
TNS   : -0.028

Type  : Slow 900mV 85C Model Hold 'osc_bank_4_50mhz'
Slack : 0.160
TNS   : 0.000

Type  : Slow 900mV 85C Model Hold 'SOPC_INST|mem_if_ddr3_emif_0|pll0|pll_avl_clk'
Slack : 0.197
TNS   : 0.000

Type  : Slow 900mV 85C Model Hold 'SOPC_INST|mem_if_ddr3_emif_0|pll0|pll_config_clk'
Slack : 0.231
TNS   : 0.000

Type  : Slow 900mV 85C Model Hold 'SOPC_INST|mem_if_ddr3_emif_0|pll0|pll_afi_clk'
Slack : 0.234
TNS   : 0.000

Type  : Slow 900mV 85C Model Hold 'umft601a_clk_100mhz'
Slack : 0.234
TNS   : 0.000

Type  : Slow 900mV 85C Model Hold 'SOPC_INST|mem_if_ddr3_emif_0|pll0|pll_addr_cmd_clk'
Slack : 0.236
TNS   : 0.000

Type  : Slow 900mV 85C Model Hold 'M1_DDR3_clk[0]'
Slack : 0.248
TNS   : 0.000

Type  : Slow 900mV 85C Model Hold 'altera_reserved_tck'
Slack : 0.265
TNS   : 0.000

Type  : Slow 900mV 85C Model Hold 'M1_DDR3_clk[1]'
Slack : 0.282
TNS   : 0.000

Type  : Slow 900mV 85C Model Hold 'SOPC_INST|mem_if_ddr3_emif_0|MebX_Qsys_Project_mem_if_ddr3_emif_0_p0_leveling_clk'
Slack : 0.587
TNS   : 0.000

Type  : Slow 900mV 85C Model Hold 'SOPC_INST|mem_if_ddr3_emif_0|pll0|pll_write_clk'
Slack : 1.413
TNS   : 0.000

Type  : Slow 900mV 85C Model Recovery 'umft601a_clk_100mhz'
Slack : -1.621
TNS   : -207.152

Type  : Slow 900mV 85C Model Recovery 'SOPC_INST|mem_if_ddr3_emif_0|pll0|pll_afi_half_clk'
Slack : -0.480
TNS   : -4.542

Type  : Slow 900mV 85C Model Recovery 'SOPC_INST|mem_if_ddr3_emif_0|pll0|pll_afi_clk'
Slack : -0.267
TNS   : -8.394

Type  : Slow 900mV 85C Model Recovery 'SOPC_INST|mem_if_ddr3_emif_0|pll0|pll_avl_clk'
Slack : -0.089
TNS   : -0.178

Type  : Slow 900mV 85C Model Recovery 'SOPC_INST|mem_if_ddr3_emif_0|pll0|pll_addr_cmd_clk'
Slack : 0.100
TNS   : 0.000

Type  : Slow 900mV 85C Model Recovery 'SOPC_INST|mem_if_ddr3_emif_0|pll0|pll_config_clk'
Slack : 3.473
TNS   : 0.000

Type  : Slow 900mV 85C Model Recovery 'osc_bank_4_50mhz'
Slack : 14.560
TNS   : 0.000

Type  : Slow 900mV 85C Model Recovery 'altera_reserved_tck'
Slack : 48.518
TNS   : 0.000

Type  : Slow 900mV 85C Model Removal 'SOPC_INST|mem_if_ddr3_emif_0|pll0|pll_addr_cmd_clk'
Slack : 0.417
TNS   : 0.000

Type  : Slow 900mV 85C Model Removal 'SOPC_INST|mem_if_ddr3_emif_0|pll0|pll_afi_clk'
Slack : 0.447
TNS   : 0.000

Type  : Slow 900mV 85C Model Removal 'SOPC_INST|mem_if_ddr3_emif_0|pll0|pll_afi_half_clk'
Slack : 0.451
TNS   : 0.000

Type  : Slow 900mV 85C Model Removal 'SOPC_INST|mem_if_ddr3_emif_0|pll0|pll_avl_clk'
Slack : 0.464
TNS   : 0.000

Type  : Slow 900mV 85C Model Removal 'altera_reserved_tck'
Slack : 0.477
TNS   : 0.000

Type  : Slow 900mV 85C Model Removal 'osc_bank_4_50mhz'
Slack : 0.586
TNS   : 0.000

Type  : Slow 900mV 85C Model Removal 'SOPC_INST|mem_if_ddr3_emif_0|pll0|pll_config_clk'
Slack : 0.698
TNS   : 0.000

Type  : Slow 900mV 85C Model Removal 'umft601a_clk_100mhz'
Slack : 0.836
TNS   : 0.000

Type  : Slow 900mV 85C Model Minimum Pulse Width 'SOPC_INST|mem_if_ddr3_emif_0|pll0|pll_afi_clk'
Slack : -0.096
TNS   : -13.056

Type  : Slow 900mV 85C Model Minimum Pulse Width 'SOPC_INST|mem_if_ddr3_emif_0|pll0|pll_write_clk'
Slack : 0.190
TNS   : 0.000

Type  : Slow 900mV 85C Model Minimum Pulse Width 'SOPC_INST|mem_if_ddr3_emif_0|MebX_Qsys_Project_mem_if_ddr3_emif_0_p0_leveling_clk'
Slack : 0.325
TNS   : 0.000

Type  : Slow 900mV 85C Model Minimum Pulse Width 'SOPC_INST|mem_if_ddr3_emif_0|pll0|pll_mem_clk'
Slack : 0.360
TNS   : 0.000

Type  : Slow 900mV 85C Model Minimum Pulse Width 'SOPC_INST|mem_if_ddr3_emif_0|pll0|pll_addr_cmd_clk'
Slack : 1.279
TNS   : 0.000

Type  : Slow 900mV 85C Model Minimum Pulse Width 'SOPC_INST|mem_if_ddr3_emif_0|pll0|pll_afi_half_clk'
Slack : 2.947
TNS   : 0.000

Type  : Slow 900mV 85C Model Minimum Pulse Width 'umft601a_clk_100mhz'
Slack : 4.253
TNS   : 0.000

Type  : Slow 900mV 85C Model Minimum Pulse Width 'SOPC_INST|mem_if_ddr3_emif_0|pll0|pll_avl_clk'
Slack : 4.842
TNS   : 0.000

Type  : Slow 900mV 85C Model Minimum Pulse Width 'osc_bank_4_50mhz'
Slack : 9.239
TNS   : 0.000

Type  : Slow 900mV 85C Model Minimum Pulse Width 'SOPC_INST|mem_if_ddr3_emif_0|pll0|pll_config_clk'
Slack : 11.667
TNS   : 0.000

Type  : Slow 900mV 85C Model Minimum Pulse Width 'altera_reserved_tck'
Slack : 49.313
TNS   : 0.000

Type  : Slow 900mV 0C Model Setup 'SOPC_INST|mem_if_ddr3_emif_0|pll0|pll_afi_half_clk'
Slack : -11.567
TNS   : -32020.499

Type  : Slow 900mV 0C Model Setup 'SOPC_INST|mem_if_ddr3_emif_0|pll0|pll_afi_clk'
Slack : -0.857
TNS   : -46.215

Type  : Slow 900mV 0C Model Setup 'umft601a_clk_100mhz'
Slack : -0.495
TNS   : -0.972

Type  : Slow 900mV 0C Model Setup 'SOPC_INST|mem_if_ddr3_emif_0|pll0|pll_write_clk'
Slack : -0.028
TNS   : -0.159

Type  : Slow 900mV 0C Model Setup 'M1_DDR3_clk[1]'
Slack : 0.288
TNS   : 0.000

Type  : Slow 900mV 0C Model Setup 'M1_DDR3_clk[0]'
Slack : 0.320
TNS   : 0.000

Type  : Slow 900mV 0C Model Setup 'SOPC_INST|mem_if_ddr3_emif_0|MebX_Qsys_Project_mem_if_ddr3_emif_0_p0_leveling_clk'
Slack : 0.475
TNS   : 0.000

Type  : Slow 900mV 0C Model Setup 'SOPC_INST|mem_if_ddr3_emif_0|pll0|pll_addr_cmd_clk'
Slack : 0.951
TNS   : 0.000

Type  : Slow 900mV 0C Model Setup 'SOPC_INST|mem_if_ddr3_emif_0|pll0|pll_avl_clk'
Slack : 1.553
TNS   : 0.000

Type  : Slow 900mV 0C Model Setup 'SOPC_INST|mem_if_ddr3_emif_0|pll0|pll_config_clk'
Slack : 7.396
TNS   : 0.000

Type  : Slow 900mV 0C Model Setup 'osc_bank_4_50mhz'
Slack : 10.416
TNS   : 0.000

Type  : Slow 900mV 0C Model Setup 'altera_reserved_tck'
Slack : 46.714
TNS   : 0.000

Type  : Slow 900mV 0C Model Hold 'SOPC_INST|mem_if_ddr3_emif_0|pll0|pll_afi_half_clk'
Slack : -0.073
TNS   : -0.073

Type  : Slow 900mV 0C Model Hold 'osc_bank_4_50mhz'
Slack : 0.147
TNS   : 0.000

Type  : Slow 900mV 0C Model Hold 'SOPC_INST|mem_if_ddr3_emif_0|pll0|pll_avl_clk'
Slack : 0.174
TNS   : 0.000

Type  : Slow 900mV 0C Model Hold 'SOPC_INST|mem_if_ddr3_emif_0|pll0|pll_config_clk'
Slack : 0.224
TNS   : 0.000

Type  : Slow 900mV 0C Model Hold 'umft601a_clk_100mhz'
Slack : 0.227
TNS   : 0.000

Type  : Slow 900mV 0C Model Hold 'SOPC_INST|mem_if_ddr3_emif_0|pll0|pll_afi_clk'
Slack : 0.228
TNS   : 0.000

Type  : Slow 900mV 0C Model Hold 'SOPC_INST|mem_if_ddr3_emif_0|pll0|pll_addr_cmd_clk'
Slack : 0.230
TNS   : 0.000

Type  : Slow 900mV 0C Model Hold 'M1_DDR3_clk[0]'
Slack : 0.251
TNS   : 0.000

Type  : Slow 900mV 0C Model Hold 'altera_reserved_tck'
Slack : 0.263
TNS   : 0.000

Type  : Slow 900mV 0C Model Hold 'M1_DDR3_clk[1]'
Slack : 0.284
TNS   : 0.000

Type  : Slow 900mV 0C Model Hold 'SOPC_INST|mem_if_ddr3_emif_0|MebX_Qsys_Project_mem_if_ddr3_emif_0_p0_leveling_clk'
Slack : 0.582
TNS   : 0.000

Type  : Slow 900mV 0C Model Hold 'SOPC_INST|mem_if_ddr3_emif_0|pll0|pll_write_clk'
Slack : 1.402
TNS   : 0.000

Type  : Slow 900mV 0C Model Recovery 'umft601a_clk_100mhz'
Slack : -1.405
TNS   : -177.368

Type  : Slow 900mV 0C Model Recovery 'SOPC_INST|mem_if_ddr3_emif_0|pll0|pll_afi_half_clk'
Slack : -0.275
TNS   : -0.781

Type  : Slow 900mV 0C Model Recovery 'SOPC_INST|mem_if_ddr3_emif_0|pll0|pll_afi_clk'
Slack : -0.128
TNS   : -3.169

Type  : Slow 900mV 0C Model Recovery 'SOPC_INST|mem_if_ddr3_emif_0|pll0|pll_avl_clk'
Slack : 0.018
TNS   : 0.000

Type  : Slow 900mV 0C Model Recovery 'SOPC_INST|mem_if_ddr3_emif_0|pll0|pll_addr_cmd_clk'
Slack : 0.094
TNS   : 0.000

Type  : Slow 900mV 0C Model Recovery 'SOPC_INST|mem_if_ddr3_emif_0|pll0|pll_config_clk'
Slack : 3.600
TNS   : 0.000

Type  : Slow 900mV 0C Model Recovery 'osc_bank_4_50mhz'
Slack : 14.902
TNS   : 0.000

Type  : Slow 900mV 0C Model Recovery 'altera_reserved_tck'
Slack : 48.539
TNS   : 0.000

Type  : Slow 900mV 0C Model Removal 'SOPC_INST|mem_if_ddr3_emif_0|pll0|pll_afi_clk'
Slack : 0.433
TNS   : 0.000

Type  : Slow 900mV 0C Model Removal 'SOPC_INST|mem_if_ddr3_emif_0|pll0|pll_afi_half_clk'
Slack : 0.436
TNS   : 0.000

Type  : Slow 900mV 0C Model Removal 'SOPC_INST|mem_if_ddr3_emif_0|pll0|pll_avl_clk'
Slack : 0.446
TNS   : 0.000

Type  : Slow 900mV 0C Model Removal 'altera_reserved_tck'
Slack : 0.459
TNS   : 0.000

Type  : Slow 900mV 0C Model Removal 'SOPC_INST|mem_if_ddr3_emif_0|pll0|pll_addr_cmd_clk'
Slack : 0.476
TNS   : 0.000

Type  : Slow 900mV 0C Model Removal 'osc_bank_4_50mhz'
Slack : 0.563
TNS   : 0.000

Type  : Slow 900mV 0C Model Removal 'SOPC_INST|mem_if_ddr3_emif_0|pll0|pll_config_clk'
Slack : 0.636
TNS   : 0.000

Type  : Slow 900mV 0C Model Removal 'umft601a_clk_100mhz'
Slack : 0.774
TNS   : 0.000

Type  : Slow 900mV 0C Model Minimum Pulse Width 'SOPC_INST|mem_if_ddr3_emif_0|pll0|pll_afi_clk'
Slack : -0.096
TNS   : -13.056

Type  : Slow 900mV 0C Model Minimum Pulse Width 'SOPC_INST|mem_if_ddr3_emif_0|pll0|pll_write_clk'
Slack : 0.197
TNS   : 0.000

Type  : Slow 900mV 0C Model Minimum Pulse Width 'SOPC_INST|mem_if_ddr3_emif_0|MebX_Qsys_Project_mem_if_ddr3_emif_0_p0_leveling_clk'
Slack : 0.342
TNS   : 0.000

Type  : Slow 900mV 0C Model Minimum Pulse Width 'SOPC_INST|mem_if_ddr3_emif_0|pll0|pll_mem_clk'
Slack : 0.351
TNS   : 0.000

Type  : Slow 900mV 0C Model Minimum Pulse Width 'SOPC_INST|mem_if_ddr3_emif_0|pll0|pll_addr_cmd_clk'
Slack : 1.295
TNS   : 0.000

Type  : Slow 900mV 0C Model Minimum Pulse Width 'SOPC_INST|mem_if_ddr3_emif_0|pll0|pll_afi_half_clk'
Slack : 2.964
TNS   : 0.000

Type  : Slow 900mV 0C Model Minimum Pulse Width 'umft601a_clk_100mhz'
Slack : 4.247
TNS   : 0.000

Type  : Slow 900mV 0C Model Minimum Pulse Width 'SOPC_INST|mem_if_ddr3_emif_0|pll0|pll_avl_clk'
Slack : 4.838
TNS   : 0.000

Type  : Slow 900mV 0C Model Minimum Pulse Width 'osc_bank_4_50mhz'
Slack : 9.236
TNS   : 0.000

Type  : Slow 900mV 0C Model Minimum Pulse Width 'SOPC_INST|mem_if_ddr3_emif_0|pll0|pll_config_clk'
Slack : 11.667
TNS   : 0.000

Type  : Slow 900mV 0C Model Minimum Pulse Width 'altera_reserved_tck'
Slack : 49.378
TNS   : 0.000

Type  : Fast 900mV 0C Model Setup 'SOPC_INST|mem_if_ddr3_emif_0|pll0|pll_afi_half_clk'
Slack : -4.056
TNS   : -7150.104

Type  : Fast 900mV 0C Model Setup 'SOPC_INST|mem_if_ddr3_emif_0|pll0|pll_afi_clk'
Slack : -0.053
TNS   : -0.127

Type  : Fast 900mV 0C Model Setup 'SOPC_INST|mem_if_ddr3_emif_0|pll0|pll_write_clk'
Slack : 0.047
TNS   : 0.000

Type  : Fast 900mV 0C Model Setup 'M1_DDR3_clk[1]'
Slack : 0.345
TNS   : 0.000

Type  : Fast 900mV 0C Model Setup 'M1_DDR3_clk[0]'
Slack : 0.378
TNS   : 0.000

Type  : Fast 900mV 0C Model Setup 'umft601a_clk_100mhz'
Slack : 0.531
TNS   : 0.000

Type  : Fast 900mV 0C Model Setup 'SOPC_INST|mem_if_ddr3_emif_0|MebX_Qsys_Project_mem_if_ddr3_emif_0_p0_leveling_clk'
Slack : 0.537
TNS   : 0.000

Type  : Fast 900mV 0C Model Setup 'SOPC_INST|mem_if_ddr3_emif_0|pll0|pll_addr_cmd_clk'
Slack : 1.616
TNS   : 0.000

Type  : Fast 900mV 0C Model Setup 'SOPC_INST|mem_if_ddr3_emif_0|pll0|pll_avl_clk'
Slack : 2.389
TNS   : 0.000

Type  : Fast 900mV 0C Model Setup 'SOPC_INST|mem_if_ddr3_emif_0|pll0|pll_config_clk'
Slack : 8.755
TNS   : 0.000

Type  : Fast 900mV 0C Model Setup 'osc_bank_4_50mhz'
Slack : 13.837
TNS   : 0.000

Type  : Fast 900mV 0C Model Setup 'altera_reserved_tck'
Slack : 48.387
TNS   : 0.000

Type  : Fast 900mV 0C Model Hold 'SOPC_INST|mem_if_ddr3_emif_0|pll0|pll_afi_half_clk'
Slack : -0.018
TNS   : -0.042

Type  : Fast 900mV 0C Model Hold 'osc_bank_4_50mhz'
Slack : 0.099
TNS   : 0.000

Type  : Fast 900mV 0C Model Hold 'SOPC_INST|mem_if_ddr3_emif_0|pll0|pll_avl_clk'
Slack : 0.122
TNS   : 0.000

Type  : Fast 900mV 0C Model Hold 'SOPC_INST|mem_if_ddr3_emif_0|pll0|pll_config_clk'
Slack : 0.131
TNS   : 0.000

Type  : Fast 900mV 0C Model Hold 'umft601a_clk_100mhz'
Slack : 0.132
TNS   : 0.000

Type  : Fast 900mV 0C Model Hold 'SOPC_INST|mem_if_ddr3_emif_0|pll0|pll_addr_cmd_clk'
Slack : 0.134
TNS   : 0.000

Type  : Fast 900mV 0C Model Hold 'SOPC_INST|mem_if_ddr3_emif_0|pll0|pll_afi_clk'
Slack : 0.134
TNS   : 0.000

Type  : Fast 900mV 0C Model Hold 'altera_reserved_tck'
Slack : 0.154
TNS   : 0.000

Type  : Fast 900mV 0C Model Hold 'M1_DDR3_clk[0]'
Slack : 0.310
TNS   : 0.000

Type  : Fast 900mV 0C Model Hold 'M1_DDR3_clk[1]'
Slack : 0.342
TNS   : 0.000

Type  : Fast 900mV 0C Model Hold 'SOPC_INST|mem_if_ddr3_emif_0|MebX_Qsys_Project_mem_if_ddr3_emif_0_p0_leveling_clk'
Slack : 0.745
TNS   : 0.000

Type  : Fast 900mV 0C Model Hold 'SOPC_INST|mem_if_ddr3_emif_0|pll0|pll_write_clk'
Slack : 1.435
TNS   : 0.000

Type  : Fast 900mV 0C Model Recovery 'umft601a_clk_100mhz'
Slack : -0.068
TNS   : -1.633

Type  : Fast 900mV 0C Model Recovery 'SOPC_INST|mem_if_ddr3_emif_0|pll0|pll_addr_cmd_clk'
Slack : 0.187
TNS   : 0.000

Type  : Fast 900mV 0C Model Recovery 'SOPC_INST|mem_if_ddr3_emif_0|pll0|pll_afi_clk'
Slack : 0.200
TNS   : 0.000

Type  : Fast 900mV 0C Model Recovery 'SOPC_INST|mem_if_ddr3_emif_0|pll0|pll_avl_clk'
Slack : 0.330
TNS   : 0.000

Type  : Fast 900mV 0C Model Recovery 'SOPC_INST|mem_if_ddr3_emif_0|pll0|pll_afi_half_clk'
Slack : 1.027
TNS   : 0.000

Type  : Fast 900mV 0C Model Recovery 'SOPC_INST|mem_if_ddr3_emif_0|pll0|pll_config_clk'
Slack : 3.966
TNS   : 0.000

Type  : Fast 900mV 0C Model Recovery 'osc_bank_4_50mhz'
Slack : 16.468
TNS   : 0.000

Type  : Fast 900mV 0C Model Recovery 'altera_reserved_tck'
Slack : 49.476
TNS   : 0.000

Type  : Fast 900mV 0C Model Removal 'SOPC_INST|mem_if_ddr3_emif_0|pll0|pll_afi_clk'
Slack : 0.259
TNS   : 0.000

Type  : Fast 900mV 0C Model Removal 'SOPC_INST|mem_if_ddr3_emif_0|pll0|pll_afi_half_clk'
Slack : 0.260
TNS   : 0.000

Type  : Fast 900mV 0C Model Removal 'SOPC_INST|mem_if_ddr3_emif_0|pll0|pll_avl_clk'
Slack : 0.269
TNS   : 0.000

Type  : Fast 900mV 0C Model Removal 'altera_reserved_tck'
Slack : 0.274
TNS   : 0.000

Type  : Fast 900mV 0C Model Removal 'osc_bank_4_50mhz'
Slack : 0.340
TNS   : 0.000

Type  : Fast 900mV 0C Model Removal 'SOPC_INST|mem_if_ddr3_emif_0|pll0|pll_config_clk'
Slack : 0.462
TNS   : 0.000

Type  : Fast 900mV 0C Model Removal 'umft601a_clk_100mhz'
Slack : 0.508
TNS   : 0.000

Type  : Fast 900mV 0C Model Removal 'SOPC_INST|mem_if_ddr3_emif_0|pll0|pll_addr_cmd_clk'
Slack : 0.593
TNS   : 0.000

Type  : Fast 900mV 0C Model Minimum Pulse Width 'SOPC_INST|mem_if_ddr3_emif_0|pll0|pll_afi_clk'
Slack : -0.096
TNS   : -13.056

Type  : Fast 900mV 0C Model Minimum Pulse Width 'SOPC_INST|mem_if_ddr3_emif_0|pll0|pll_write_clk'
Slack : 0.193
TNS   : 0.000

Type  : Fast 900mV 0C Model Minimum Pulse Width 'SOPC_INST|mem_if_ddr3_emif_0|MebX_Qsys_Project_mem_if_ddr3_emif_0_p0_leveling_clk'
Slack : 0.387
TNS   : 0.000

Type  : Fast 900mV 0C Model Minimum Pulse Width 'SOPC_INST|mem_if_ddr3_emif_0|pll0|pll_mem_clk'
Slack : 0.528
TNS   : 0.000

Type  : Fast 900mV 0C Model Minimum Pulse Width 'SOPC_INST|mem_if_ddr3_emif_0|pll0|pll_addr_cmd_clk'
Slack : 1.455
TNS   : 0.000

Type  : Fast 900mV 0C Model Minimum Pulse Width 'SOPC_INST|mem_if_ddr3_emif_0|pll0|pll_afi_half_clk'
Slack : 2.951
TNS   : 0.000

Type  : Fast 900mV 0C Model Minimum Pulse Width 'umft601a_clk_100mhz'
Slack : 4.200
TNS   : 0.000

Type  : Fast 900mV 0C Model Minimum Pulse Width 'SOPC_INST|mem_if_ddr3_emif_0|pll0|pll_avl_clk'
Slack : 4.842
TNS   : 0.000

Type  : Fast 900mV 0C Model Minimum Pulse Width 'osc_bank_4_50mhz'
Slack : 9.186
TNS   : 0.000

Type  : Fast 900mV 0C Model Minimum Pulse Width 'SOPC_INST|mem_if_ddr3_emif_0|pll0|pll_config_clk'
Slack : 11.667
TNS   : 0.000

Type  : Fast 900mV 0C Model Minimum Pulse Width 'altera_reserved_tck'
Slack : 49.132
TNS   : 0.000

------------------------------------------------------------
Info: see the "DDR report" for DDR timing results
------------------------------------------------------------
------------------------------------------------------------
